stm32f4xx_it.c:65:6:NMI_Handler	0	static
stm32f4xx_it.c:74:6:HardFault_Handler	0	static
stm32f4xx_it.c:87:6:MemManage_Handler	0	static
stm32f4xx_it.c:100:6:BusFault_Handler	0	static
stm32f4xx_it.c:113:6:UsageFault_Handler	0	static
stm32f4xx_it.c:126:6:SVC_Handler	0	static
stm32f4xx_it.c:135:6:DebugMon_Handler	0	static
stm32f4xx_it.c:144:6:PendSV_Handler	0	static
stm32f4xx_it.c:153:6:SysTick_Handler	8	static
stm32f4xx_it.c:177:6:EXTI0_IRQHandler	0	static
stm32f4xx_it.c:187:6:EXTI1_IRQHandler	0	static
stm32f4xx_it.c:199:6:USART2_IRQHandler	0	static
stm32f4xx_it.c:208:6:DMA1_Stream7_IRQHandler	0	static
stm32f4xx_it.c:218:6:DMA1_Stream3_IRQHandler	0	static
stm32f4xx_it.c:228:6:TIM3_IRQHandler	0	static
stm32f4xx_it.c:238:6:OTG_FS_IRQHandler	0	static
