usbh_conf.c:66:6:HAL_HCD_MspInit	64	static
usbh_conf.c:119:6:HAL_HCD_MspDeInit	0	static
usbh_conf.c:137:6:HAL_HCD_SOF_Callback	0	static
usbh_conf.c:147:6:HAL_HCD_Connect_Callback	0	static
usbh_conf.c:157:6:HAL_HCD_Disconnect_Callback	0	static
usbh_conf.c:168:6:HAL_HCD_HC_NotifyURBChange_Callback	0	static
usbh_conf.c:182:21:USBH_LL_Init	16	static
usbh_conf.c:212:21:USBH_LL_DeInit	8	static
usbh_conf.c:224:21:USBH_LL_Start	8	static
usbh_conf.c:236:21:USBH_LL_Stop	8	static
usbh_conf.c:248:19:USBH_LL_GetSpeed	8	static
usbh_conf.c:279:20:USBH_LL_ResetPort	8	static
usbh_conf.c:292:10:USBH_LL_GetLastXferSize	0	static
usbh_conf.c:309:22:USBH_LL_OpenPipe	24	static
usbh_conf.c:334:20:USBH_LL_ClosePipe	8	static
usbh_conf.c:369:22:USBH_LL_SubmitURB	24	static
usbh_conf.c:404:23:USBH_LL_GetURBState	0	static
usbh_conf.c:419:21:USBH_LL_DriverVBUS	8	static
usbh_conf.c:457:22:USBH_LL_SetToggle	0	static
usbh_conf.c:477:10:USBH_LL_GetToggle	0	static
usbh_conf.c:498:7:USBH_Delay	0	static
