stm32f4_discovery_audio.c:662:16:I2S3_Init	8	static
stm32f4_discovery_audio.c:265:9:BSP_AUDIO_OUT_Play	16	static
stm32f4_discovery_audio.c:287:6:BSP_AUDIO_OUT_ChangeBuffer	0	static
stm32f4_discovery_audio.c:300:9:BSP_AUDIO_OUT_Pause	8	static
stm32f4_discovery_audio.c:324:9:BSP_AUDIO_OUT_Resume	8	static
stm32f4_discovery_audio.c:348:9:BSP_AUDIO_OUT_Stop	16	static
stm32f4_discovery_audio.c:380:9:BSP_AUDIO_OUT_SetVolume	8	static
stm32f4_discovery_audio.c:400:9:BSP_AUDIO_OUT_SetMute	8	static
stm32f4_discovery_audio.c:422:9:BSP_AUDIO_OUT_SetOutputMode	8	static
stm32f4_discovery_audio.c:486:13:BSP_AUDIO_OUT_ClockConfig	32	static
stm32f4_discovery_audio.c:442:6:BSP_AUDIO_OUT_SetFrequency	8	static
stm32f4_discovery_audio.c:528:13:BSP_AUDIO_OUT_MspInit	56	static
stm32f4_discovery_audio.c:213:9:BSP_AUDIO_OUT_Init	24	static
stm32f4_discovery_audio.c:598:13:BSP_AUDIO_OUT_MspDeInit	8	static
stm32f4_discovery_audio.c:636:13:BSP_AUDIO_OUT_TransferComplete_CallBack	0	static
stm32f4_discovery_audio.c:455:6:HAL_I2S_TxCpltCallback	8	static
stm32f4_discovery_audio.c:643:13:BSP_AUDIO_OUT_HalfTransfer_CallBack	0	static
stm32f4_discovery_audio.c:468:6:HAL_I2S_TxHalfCpltCallback	8	static
stm32f4_discovery_audio.c:650:13:BSP_AUDIO_OUT_Error_CallBack	0	static
stm32f4_discovery_audio.c:734:9:BSP_AUDIO_IN_Record	8	static
stm32f4_discovery_audio.c:751:9:BSP_AUDIO_IN_Stop	8	static
stm32f4_discovery_audio.c:768:9:BSP_AUDIO_IN_Pause	8	static
stm32f4_discovery_audio.c:781:9:BSP_AUDIO_IN_Resume	8	static
stm32f4_discovery_audio.c:796:9:BSP_AUDIO_IN_SetVolume	0	static
stm32f4_discovery_audio.c:811:9:BSP_AUDIO_IN_PDMToPCM	136	static
stm32f4_discovery_audio.c:866:13:BSP_AUDIO_IN_ClockConfig	24	static
stm32f4_discovery_audio.c:900:13:BSP_AUDIO_IN_MspInit	64	static
stm32f4_discovery_audio.c:704:9:BSP_AUDIO_IN_Init	24	static
stm32f4_discovery_audio.c:966:13:BSP_AUDIO_IN_MspDeInit	8	static
stm32f4_discovery_audio.c:998:13:BSP_AUDIO_IN_TransferComplete_CallBack	0	static
stm32f4_discovery_audio.c:841:6:HAL_I2S_RxCpltCallback	8	static
stm32f4_discovery_audio.c:1008:13:BSP_AUDIO_IN_HalfTransfer_CallBack	0	static
stm32f4_discovery_audio.c:851:6:HAL_I2S_RxHalfCpltCallback	8	static
stm32f4_discovery_audio.c:1018:13:BSP_AUDIO_IN_Error_Callback	0	static
stm32f4_discovery_audio.c:1101:6:HAL_I2S_ErrorCallback	8	static
