Archive member included to satisfy reference by file (symbol)

..\..\..\..\..\..\..\..\Middlewares\ST\STM32_Audio\Addons\PDM\libPDMFilter_CM4_GCC.a(pdm_filter.o)
                              Drivers\BSP\STM32F4-Discovery\stm32f4_discovery_audio.o (PDM_Filter_Init)
c:/program files (x86)/atollic/truestudio for arm 8.0.0/armtools/bin/../lib/gcc/arm-atollic-eabi/6.3.1/../../../../arm-atollic-eabi/lib/armv7e-m\libc_nano.a(lib_a-init.o)
                              Application\TrueSTUDIO\startup_stm32f407xx.o (__libc_init_array)
c:/program files (x86)/atollic/truestudio for arm 8.0.0/armtools/bin/../lib/gcc/arm-atollic-eabi/6.3.1/../../../../arm-atollic-eabi/lib/armv7e-m\libc_nano.a(lib_a-malloc.o)
                              Middlewares\FatFs\Options\syscall.o (malloc)
c:/program files (x86)/atollic/truestudio for arm 8.0.0/armtools/bin/../lib/gcc/arm-atollic-eabi/6.3.1/../../../../arm-atollic-eabi/lib/armv7e-m\libc_nano.a(lib_a-memcpy-stub.o)
                              Middlewares\FatFs\Drivers\usbh_diskio.o (memcpy)
c:/program files (x86)/atollic/truestudio for arm 8.0.0/armtools/bin/../lib/gcc/arm-atollic-eabi/6.3.1/../../../../arm-atollic-eabi/lib/armv7e-m\libc_nano.a(lib_a-memset.o)
                              Middlewares\STM32_USBH_Library\Class\MSC\usbh_msc.o (memset)
c:/program files (x86)/atollic/truestudio for arm 8.0.0/armtools/bin/../lib/gcc/arm-atollic-eabi/6.3.1/../../../../arm-atollic-eabi/lib/armv7e-m\libc_nano.a(lib_a-nano-freer.o)
                              c:/program files (x86)/atollic/truestudio for arm 8.0.0/armtools/bin/../lib/gcc/arm-atollic-eabi/6.3.1/../../../../arm-atollic-eabi/lib/armv7e-m\libc_nano.a(lib_a-malloc.o) (_free_r)
c:/program files (x86)/atollic/truestudio for arm 8.0.0/armtools/bin/../lib/gcc/arm-atollic-eabi/6.3.1/../../../../arm-atollic-eabi/lib/armv7e-m\libc_nano.a(lib_a-nano-mallocr.o)
                              c:/program files (x86)/atollic/truestudio for arm 8.0.0/armtools/bin/../lib/gcc/arm-atollic-eabi/6.3.1/../../../../arm-atollic-eabi/lib/armv7e-m\libc_nano.a(lib_a-malloc.o) (_malloc_r)
c:/program files (x86)/atollic/truestudio for arm 8.0.0/armtools/bin/../lib/gcc/arm-atollic-eabi/6.3.1/../../../../arm-atollic-eabi/lib/armv7e-m\libc_nano.a(lib_a-sbrkr.o)
                              c:/program files (x86)/atollic/truestudio for arm 8.0.0/armtools/bin/../lib/gcc/arm-atollic-eabi/6.3.1/../../../../arm-atollic-eabi/lib/armv7e-m\libc_nano.a(lib_a-nano-mallocr.o) (_sbrk_r)
c:/program files (x86)/atollic/truestudio for arm 8.0.0/armtools/bin/../lib/gcc/arm-atollic-eabi/6.3.1/../../../../arm-atollic-eabi/lib/armv7e-m\libc_nano.a(lib_a-impure.o)
                              c:/program files (x86)/atollic/truestudio for arm 8.0.0/armtools/bin/../lib/gcc/arm-atollic-eabi/6.3.1/../../../../arm-atollic-eabi/lib/armv7e-m\libc_nano.a(lib_a-malloc.o) (_impure_ptr)
c:/program files (x86)/atollic/truestudio for arm 8.0.0/armtools/bin/../lib/gcc/arm-atollic-eabi/6.3.1/../../../../arm-atollic-eabi/lib/armv7e-m\libc_nano.a(lib_a-mlock.o)
                              c:/program files (x86)/atollic/truestudio for arm 8.0.0/armtools/bin/../lib/gcc/arm-atollic-eabi/6.3.1/../../../../arm-atollic-eabi/lib/armv7e-m\libc_nano.a(lib_a-nano-freer.o) (__malloc_lock)
c:/program files (x86)/atollic/truestudio for arm 8.0.0/armtools/bin/../lib/gcc/arm-atollic-eabi/6.3.1/../../../../arm-atollic-eabi/lib/armv7e-m\libc_nano.a(lib_a-reent.o)
                              c:/program files (x86)/atollic/truestudio for arm 8.0.0/armtools/bin/../lib/gcc/arm-atollic-eabi/6.3.1/../../../../arm-atollic-eabi/lib/armv7e-m\libc_nano.a(lib_a-sbrkr.o) (errno)
c:/program files (x86)/atollic/truestudio for arm 8.0.0/armtools/bin/../lib/gcc/arm-atollic-eabi/6.3.1/../../../../arm-atollic-eabi/lib/armv7e-m\libm.a(lib_a-s_cos.o)
                              ..\..\..\..\..\..\..\..\Middlewares\ST\STM32_Audio\Addons\PDM\libPDMFilter_CM4_GCC.a(pdm_filter.o) (cos)
c:/program files (x86)/atollic/truestudio for arm 8.0.0/armtools/bin/../lib/gcc/arm-atollic-eabi/6.3.1/../../../../arm-atollic-eabi/lib/armv7e-m\libm.a(lib_a-w_sqrt.o)
                              ..\..\..\..\..\..\..\..\Middlewares\ST\STM32_Audio\Addons\PDM\libPDMFilter_CM4_GCC.a(pdm_filter.o) (sqrt)
c:/program files (x86)/atollic/truestudio for arm 8.0.0/armtools/bin/../lib/gcc/arm-atollic-eabi/6.3.1/../../../../arm-atollic-eabi/lib/armv7e-m\libm.a(lib_a-e_rem_pio2.o)
                              c:/program files (x86)/atollic/truestudio for arm 8.0.0/armtools/bin/../lib/gcc/arm-atollic-eabi/6.3.1/../../../../arm-atollic-eabi/lib/armv7e-m\libm.a(lib_a-s_cos.o) (__ieee754_rem_pio2)
c:/program files (x86)/atollic/truestudio for arm 8.0.0/armtools/bin/../lib/gcc/arm-atollic-eabi/6.3.1/../../../../arm-atollic-eabi/lib/armv7e-m\libm.a(lib_a-e_sqrt.o)
[...]
Memory Configuration

Name             Origin             Length             Attributes
FLASH            0x08000000         0x00100000         xr
RAM              0x20000000         0x00020000         xrw
CCMRAM           0x10000000         0x00010000         rw
*default*        0x00000000         0xffffffff

Linker script and memory map

LOAD c:/program files (x86)/atollic/truestudio for arm 8.0.0/armtools/bin/../lib/gcc/arm-atollic-eabi/6.3.1/armv7e-m/crti.o
LOAD c:/program files (x86)/atollic/truestudio for arm 8.0.0/armtools/bin/../lib/gcc/arm-atollic-eabi/6.3.1/armv7e-m/crtbegin.o
LOAD Application\TrueSTUDIO\startup_stm32f407xx.o
LOAD Application\User\main.o
LOAD Application\User\stm32f4xx_hal_msp.o
LOAD Application\User\stm32f4xx_it.o
LOAD Application\User\usbh_conf.o
LOAD Application\User\waveplayer.o
LOAD Drivers\BSP\Components\cs43l22.o
LOAD Drivers\BSP\Components\lis302dl.o
LOAD Drivers\BSP\Components\lis3dsh.o
LOAD Drivers\BSP\STM32F4-Discovery\stm32f4_discovery.o
LOAD Drivers\BSP\STM32F4-Discovery\stm32f4_discovery_accelerometer.o
LOAD Drivers\BSP\STM32F4-Discovery\stm32f4_discovery_audio.o
LOAD Drivers\CMSIS\system_stm32f4xx.o
LOAD Drivers\STM32F4xx_HAL_Drivers\stm32f4xx_hal.o
LOAD Drivers\STM32F4xx_HAL_Drivers\stm32f4xx_hal_cortex.o
LOAD Drivers\STM32F4xx_HAL_Drivers\stm32f4xx_hal_dma.o
LOAD Drivers\STM32F4xx_HAL_Drivers\stm32f4xx_hal_flash.o
LOAD Drivers\STM32F4xx_HAL_Drivers\stm32f4xx_hal_flash_ex.o
LOAD Drivers\STM32F4xx_HAL_Drivers\stm32f4xx_hal_gpio.o
LOAD Drivers\STM32F4xx_HAL_Drivers\stm32f4xx_hal_hcd.o
LOAD Drivers\STM32F4xx_HAL_Drivers\stm32f4xx_hal_i2c.o
LOAD Drivers\STM32F4xx_HAL_Drivers\stm32f4xx_hal_i2c_ex.o
LOAD Drivers\STM32F4xx_HAL_Drivers\stm32f4xx_hal_i2s.o
LOAD Drivers\STM32F4xx_HAL_Drivers\stm32f4xx_hal_i2s_ex.o
LOAD Drivers\STM32F4xx_HAL_Drivers\stm32f4xx_hal_pwr.o
LOAD Drivers\STM32F4xx_HAL_Drivers\stm32f4xx_hal_pwr_ex.o
LOAD Drivers\STM32F4xx_HAL_Drivers\stm32f4xx_hal_rcc.o
LOAD Drivers\STM32F4xx_HAL_Drivers\stm32f4xx_hal_rcc_ex.o
LOAD Drivers\STM32F4xx_HAL_Drivers\stm32f4xx_hal_rtc.o
LOAD Drivers\STM32F4xx_HAL_Drivers\stm32f4xx_hal_spi.o
LOAD Drivers\STM32F4xx_HAL_Drivers\stm32f4xx_hal_tim.o
LOAD Drivers\STM32F4xx_HAL_Drivers\stm32f4xx_hal_tim_ex.o
LOAD Drivers\STM32F4xx_HAL_Drivers\stm32f4xx_hal_uart.o
LOAD Drivers\STM32F4xx_HAL_Drivers\stm32f4xx_ll_fmc.o
LOAD Drivers\STM32F4xx_HAL_Drivers\stm32f4xx_ll_usb.o
LOAD Middlewares\FatFs\Core\diskio.o
LOAD Middlewares\FatFs\Core\ff.o
LOAD Middlewares\FatFs\Core\ff_gen_drv.o
LOAD Middlewares\FatFs\Drivers\usbh_diskio.o
LOAD Middlewares\FatFs\Options\syscall.o
LOAD Middlewares\FatFs\Options\unicode.o
LOAD Middlewares\STM32_USBH_Library\Class\MSC\usbh_msc.o
LOAD Middlewares\STM32_USBH_Library\Class\MSC\usbh_msc_bot.o
LOAD Middlewares\STM32_USBH_Library\Class\MSC\usbh_msc_scsi.o
LOAD Middlewares\STM32_USBH_Library\Core\usbh_core.o
LOAD Middlewares\STM32_USBH_Library\Core\usbh_ctlreq.o
LOAD Middlewares\STM32_USBH_Library\Core\usbh_ioreq.o
LOAD Middlewares\STM32_USBH_Library\Core\usbh_pipes.o
LOAD ..\..\..\..\..\..\..\..\Middlewares\ST\STM32_Audio\Addons\PDM\libPDMFilter_CM4_GCC.a
                0x00000080                malloc_getpagesize_P = 0x80
START GROUP
LOAD c:/program files (x86)/atollic/truestudio for arm 8.0.0/armtools/bin/../lib/gcc/arm-atollic-eabi/6.3.1/../../../../arm-atollic-eabi/lib/armv7e-m\libc_nano.a
LOAD c:/program files (x86)/atollic/truestudio for arm 8.0.0/armtools/bin/../lib/gcc/arm-atollic-eabi/6.3.1/../../../../arm-atollic-eabi/lib/armv7e-m\libm.a
END GROUP
START GROUP
LOAD c:/program files (x86)/atollic/truestudio for arm 8.0.0/armtools/bin/../lib/gcc/arm-atollic-eabi/6.3.1/armv7e-m\libgcc.a
LOAD c:/program files (x86)/atollic/truestudio for arm 8.0.0/armtools/bin/../lib/gcc/arm-atollic-eabi/6.3.1/../../../../arm-atollic-eabi/lib/armv7e-m\libc_nano.a
END GROUP
START GROUP
LOAD c:/program files (x86)/atollic/truestudio for arm 8.0.0/armtools/bin/../lib/gcc/arm-atollic-eabi/6.3.1/armv7e-m\libgcc.a
LOAD c:/program files (x86)/atollic/truestudio for arm 8.0.0/armtools/bin/../lib/gcc/arm-atollic-eabi/6.3.1/../../../../arm-atollic-eabi/lib/armv7e-m\libc_nano.a
LOAD c:/program files (x86)/atollic/truestudio for arm 8.0.0/armtools/bin/../lib/gcc/arm-atollic-eabi/6.3.1/../../../../arm-atollic-eabi/lib/armv7e-m\libnosys.a
END GROUP
START GROUP
LOAD c:/program files (x86)/atollic/truestudio for arm 8.0.0/armtools/bin/../lib/gcc/arm-atollic-eabi/6.3.1/armv7e-m\libgcc.a
LOAD c:/program files (x86)/atollic/truestudio for arm 8.0.0/armtools/bin/../lib/gcc/arm-atollic-eabi/6.3.1/../../../../arm-atollic-eabi/lib/armv7e-m\libc_nano.a
LOAD c:/program files (x86)/atollic/truestudio for arm 8.0.0/armtools/bin/../lib/gcc/arm-atollic-eabi/6.3.1/../../../../arm-atollic-eabi/lib/armv7e-m\libnosys.a
END GROUP
LOAD c:/program files (x86)/atollic/truestudio for arm 8.0.0/armtools/bin/../lib/gcc/arm-atollic-eabi/6.3.1/armv7e-m/crtend.o
LOAD c:/program files (x86)/atollic/truestudio for arm 8.0.0/armtools/bin/../lib/gcc/arm-atollic-eabi/6.3.1/armv7e-m/crtn.o
                0x2001ffff                _estack = 0x2001ffff
                0x00002000                _Min_Heap_Size = 0x2000
                0x00002000                _Min_Stack_Size = 0x2000

.isr_vector     0x08000000      0x188
                0x08000000                . = ALIGN (0x4)
 *(.isr_vector)
 .isr_vector    0x08000000      0x188 Application\TrueSTUDIO\startup_stm32f407xx.o
                0x08000000                g_pfnVectors
                0x08000188                . = ALIGN (0x4)

.text           0x08000188     0x7b04
                0x08000188                . = ALIGN (0x4)
 *(.text)
 .text          0x08000188       0x40 c:/program files (x86)/atollic/truestudio for arm 8.0.0/armtools/bin/../lib/gcc/arm-atollic-eabi/6.3.1/armv7e-m/crtbegin.o
 *(.text*)
 .text.Reset_Handler
                0x080001c8       0x50 Application\TrueSTUDIO\startup_stm32f407xx.o
                0x080001c8                Reset_Handler
 .text.Default_Handler
                0x08000218        0x2 Application\TrueSTUDIO\startup_stm32f407xx.o
                0x08000218                RTC_Alarm_IRQHandler
                0x08000218                HASH_RNG_IRQHandler
                0x08000218                EXTI2_IRQHandler
                0x08000218                TIM8_CC_IRQHandler
                0x08000218                TIM1_CC_IRQHandler
                0x08000218                DMA2_Stream5_IRQHandler
                0x08000218                DMA1_Stream5_IRQHandler
                0x08000218                PVD_IRQHandler
                0x08000218                SDIO_IRQHandler
                0x08000218                TAMP_STAMP_IRQHandler
                0x08000218                CAN2_RX1_IRQHandler
                0x08000218                EXTI3_IRQHandler
                0x08000218                TIM8_TRG_COM_TIM14_IRQHandler
                0x08000218                TIM1_UP_TIM10_IRQHandler
                0x08000218                TIM8_UP_TIM13_IRQHandler
                0x08000218                I2C3_ER_IRQHandler
                0x08000218                I2C2_EV_IRQHandler
                0x08000218                DMA1_Stream2_IRQHandler
                0x08000218                CAN1_RX0_IRQHandler
                0x08000218                FPU_IRQHandler
                0x08000218                OTG_HS_WKUP_IRQHandler
                0x08000218                CAN2_SCE_IRQHandler
                0x08000218                DMA2_Stream2_IRQHandler
                0x08000218                SPI1_IRQHandler
                0x08000218                TIM6_DAC_IRQHandler
                0x08000218                TIM1_BRK_TIM9_IRQHandler
                0x08000218                DCMI_IRQHandler
                0x08000218                CAN2_RX0_IRQHandler
                0x08000218                DMA2_Stream3_IRQHandler
                0x08000218                USART6_IRQHandler
                0x08000218                USART3_IRQHandler
                0x08000218                CAN1_RX1_IRQHandler
                0x08000218                UART5_IRQHandler
                0x08000218                DMA2_Stream0_IRQHandler
                0x08000218                TIM4_IRQHandler
                0x08000218                I2C1_EV_IRQHandler
                0x08000218                DMA1_Stream6_IRQHandler
                0x08000218                DMA1_Stream1_IRQHandler
                0x08000218                UART4_IRQHandler
                0x08000218                RCC_IRQHandler
                0x08000218                TIM8_BRK_TIM12_IRQHandler
                0x08000218                Default_Handler
                0x08000218                EXTI15_10_IRQHandler
                0x08000218                ADC_IRQHandler
                0x08000218                TIM7_IRQHandler
                0x08000218                CAN2_TX_IRQHandler
                0x08000218                TIM5_IRQHandler
                0x08000218                DMA2_Stream7_IRQHandler
                0x08000218                I2C3_EV_IRQHandler
                0x08000218                EXTI9_5_IRQHandler
                0x08000218                RTC_WKUP_IRQHandler
                0x08000218                ETH_WKUP_IRQHandler
                0x08000218                SPI2_IRQHandler
                0x08000218                OTG_HS_EP1_IN_IRQHandler
                0x08000218                DMA1_Stream0_IRQHandler
                0x08000218                CAN1_TX_IRQHandler
                0x08000218                EXTI4_IRQHandler
                0x08000218                FSMC_IRQHandler
                0x08000218                ETH_IRQHandler
                0x08000218                OTG_HS_EP1_OUT_IRQHandler
                0x08000218                WWDG_IRQHandler
                0x08000218                TIM2_IRQHandler
                0x08000218                OTG_FS_WKUP_IRQHandler
                0x08000218                TIM1_TRG_COM_TIM11_IRQHandler
                0x08000218                OTG_HS_IRQHandler
                0x08000218                I2C2_ER_IRQHandler
                0x08000218                DMA2_Stream1_IRQHandler
                0x08000218                CAN1_SCE_IRQHandler
                0x08000218                FLASH_IRQHandler
                0x08000218                DMA2_Stream4_IRQHandler
                0x08000218                USART1_IRQHandler
                0x08000218                SPI3_IRQHandler
                0x08000218                DMA1_Stream4_IRQHandler
                0x08000218                I2C1_ER_IRQHandler
                0x08000218                DMA2_Stream6_IRQHandler
 *fill*         0x0800021a        0x2 
 .text.USBH_UserProcess
                0x0800021c       0x30 Application\User\main.o
 .text.playBeat
                0x0800024c       0x24 Application\User\main.o
                0x0800024c                playBeat
 .text.HAL_TIM_PeriodElapsedCallback
                0x08000270       0x14 Application\User\main.o
                0x08000270                HAL_TIM_PeriodElapsedCallback
 .text.HAL_UART_TxCpltCallback
                0x08000284        0xc Application\User\main.o
                0x08000284                HAL_UART_TxCpltCallback
 .text.HAL_UART_RxCpltCallback
                0x08000290        0xc Application\User\main.o
                0x08000290                HAL_UART_RxCpltCallback
 .text.Error_Handler
                0x0800029c        0xa Application\User\main.o
                0x0800029c                Error_Handler
 *fill*         0x080002a6        0x2 
 .text.startup.main
                0x080002a8      0x244 Application\User\main.o
                0x080002a8                main
 .text.HAL_GPIO_EXTI_Callback
                0x080004ec       0x28 Application\User\main.o
                0x080004ec                HAL_GPIO_EXTI_Callback
 .text.HAL_UART_ErrorCallback
                0x08000514        0x6 Application\User\main.o
                0x08000514                HAL_UART_ErrorCallback
 *fill*         0x0800051a        0x2 
 .text.HAL_UART_MspInit
                0x0800051c       0x88 Application\User\stm32f4xx_hal_msp.o
                0x0800051c                HAL_UART_MspInit
 .text.HAL_TIM_Base_MspInit
                0x080005a4       0x34 Application\User\stm32f4xx_hal_msp.o
                0x080005a4                HAL_TIM_Base_MspInit
 .text.NMI_Handler
                0x080005d8        0x2 Application\User\stm32f4xx_it.o
                0x080005d8                NMI_Handler
 .text.HardFault_Handler
                0x080005da        0x2 Application\User\stm32f4xx_it.o
                0x080005da                HardFault_Handler
 .text.MemManage_Handler
                0x080005dc        0x2 Application\User\stm32f4xx_it.o
                0x080005dc                MemManage_Handler
 .text.BusFault_Handler
                0x080005de        0x2 Application\User\stm32f4xx_it.o
                0x080005de                BusFault_Handler
 .text.UsageFault_Handler
                0x080005e0        0x2 Application\User\stm32f4xx_it.o
                0x080005e0                UsageFault_Handler
 .text.SVC_Handler
                0x080005e2        0x2 Application\User\stm32f4xx_it.o
                0x080005e2                SVC_Handler
 .text.DebugMon_Handler
                0x080005e4        0x2 Application\User\stm32f4xx_it.o
                0x080005e4                DebugMon_Handler
 .text.PendSV_Handler
                0x080005e6        0x2 Application\User\stm32f4xx_it.o
                0x080005e6                PendSV_Handler
 .text.SysTick_Handler
                0x080005e8       0x20 Application\User\stm32f4xx_it.o
                0x080005e8                SysTick_Handler
 .text.EXTI0_IRQHandler
                0x08000608        0x6 Application\User\stm32f4xx_it.o
                0x08000608                EXTI0_IRQHandler
 .text.EXTI1_IRQHandler
                0x0800060e        0x6 Application\User\stm32f4xx_it.o
                0x0800060e                EXTI1_IRQHandler
 .text.USART2_IRQHandler
                0x08000614        0xc Application\User\stm32f4xx_it.o
                0x08000614                USART2_IRQHandler
 .text.DMA1_Stream7_IRQHandler
                0x08000620        0xc Application\User\stm32f4xx_it.o
                0x08000620                DMA1_Stream7_IRQHandler
 .text.DMA1_Stream3_IRQHandler
                0x0800062c        0xc Application\User\stm32f4xx_it.o
                0x0800062c                DMA1_Stream3_IRQHandler
 .text.TIM3_IRQHandler
                0x08000638        0xc Application\User\stm32f4xx_it.o
                0x08000638                TIM3_IRQHandler
 .text.OTG_FS_IRQHandler
                0x08000644        0xc Application\User\stm32f4xx_it.o
                0x08000644                OTG_FS_IRQHandler
 .text.HAL_HCD_MspInit
                0x08000650       0xcc Application\User\usbh_conf.o
                0x08000650                HAL_HCD_MspInit
 .text.HAL_HCD_SOF_Callback
                0x0800071c        0x8 Application\User\usbh_conf.o
                0x0800071c                HAL_HCD_SOF_Callback
 .text.HAL_HCD_Connect_Callback
                0x08000724        0x8 Application\User\usbh_conf.o
                0x08000724                HAL_HCD_Connect_Callback
 .text.HAL_HCD_Disconnect_Callback
                0x0800072c        0x8 Application\User\usbh_conf.o
                0x0800072c                HAL_HCD_Disconnect_Callback
 .text.HAL_HCD_HC_NotifyURBChange_Callback
                0x08000734        0x2 Application\User\usbh_conf.o
                0x08000734                HAL_HCD_HC_NotifyURBChange_Callback
 *fill*         0x08000736        0x2 
 .text.USBH_LL_Init
                0x08000738       0x50 Application\User\usbh_conf.o
                0x08000738                USBH_LL_Init
 .text.USBH_LL_Start
                0x08000788        0xe Application\User\usbh_conf.o
                0x08000788                USBH_LL_Start
 .text.USBH_LL_Stop
                0x08000796        0xe Application\User\usbh_conf.o
                0x08000796                USBH_LL_Stop
 .text.USBH_LL_GetSpeed
                0x080007a4       0x1c Application\User\usbh_conf.o
                0x080007a4                USBH_LL_GetSpeed
 .text.USBH_LL_ResetPort
                0x080007c0        0xe Application\User\usbh_conf.o
                0x080007c0                USBH_LL_ResetPort
 .text.USBH_LL_GetLastXferSize
                0x080007ce        0x8 Application\User\usbh_conf.o
                0x080007ce                USBH_LL_GetLastXferSize
 .text.USBH_LL_OpenPipe
                0x080007d6       0x22 Application\User\usbh_conf.o
                0x080007d6                USBH_LL_OpenPipe
 .text.USBH_LL_ClosePipe
                0x080007f8        0xe Application\User\usbh_conf.o
                0x080007f8                USBH_LL_ClosePipe
 .text.USBH_LL_SubmitURB
                0x08000806       0x26 Application\User\usbh_conf.o
                0x08000806                USBH_LL_SubmitURB
 .text.USBH_LL_GetURBState
                0x0800082c        0x8 Application\User\usbh_conf.o
                0x0800082c                USBH_LL_GetURBState
 .text.USBH_LL_DriverVBUS
                0x08000834       0x20 Application\User\usbh_conf.o
                0x08000834                USBH_LL_DriverVBUS
 .text.USBH_LL_SetToggle
                0x08000854       0x20 Application\User\usbh_conf.o
                0x08000854                USBH_LL_SetToggle
 .text.USBH_LL_GetToggle
                0x08000874       0x20 Application\User\usbh_conf.o
                0x08000874                USBH_LL_GetToggle
 .text.USBH_Delay
                0x08000894        0x4 Application\User\usbh_conf.o
                0x08000894                USBH_Delay
 .text.WavePlayerPauseResume
                0x08000898        0xa Application\User\waveplayer.o
                0x08000898                WavePlayerPauseResume
 .text.WavePlayerStop
                0x080008a2        0x6 Application\User\waveplayer.o
                0x080008a2                WavePlayerStop
 .text.WavePlayerInit
                0x080008a8        0xe Application\User\waveplayer.o
                0x080008a8                WavePlayerInit
 *fill*         0x080008b6        0x2 
 .text.WavePlayBack
                0x080008b8      0x148 Application\User\waveplayer.o
                0x080008b8                WavePlayBack
 .text.BSP_AUDIO_OUT_HalfTransfer_CallBack
                0x08000a00        0xc Application\User\waveplayer.o
                0x08000a00                BSP_AUDIO_OUT_HalfTransfer_CallBack
 .text.BSP_AUDIO_OUT_TransferComplete_CallBack
                0x08000a0c       0x18 Application\User\waveplayer.o
                0x08000a0c                BSP_AUDIO_OUT_TransferComplete_CallBack
 .text.BSP_AUDIO_OUT_Error_CallBack
                0x08000a24        0x2 Application\User\waveplayer.o
                0x08000a24                BSP_AUDIO_OUT_Error_CallBack
 *fill*         0x08000a26        0x2 
 .text.WavePlayerStart
                0x08000a28       0x60 Application\User\waveplayer.o
                0x08000a28                WavePlayerStart
 .text.WavePlayer_CallBack
                0x08000a88       0x64 Application\User\waveplayer.o
                0x08000a88                WavePlayer_CallBack
 .text.cs43l22_SetFrequency
                0x08000aec        0x4 Drivers\BSP\Components\cs43l22.o
                0x08000aec                cs43l22_SetFrequency
 .text.cs43l22_Reset
                0x08000af0        0x4 Drivers\BSP\Components\cs43l22.o
                0x08000af0                cs43l22_Reset
 .text.cs43l22_SetVolume
                0x08000af4       0x46 Drivers\BSP\Components\cs43l22.o
                0x08000af4                cs43l22_SetVolume
 *fill*         0x08000b3a        0x2 
 .text.cs43l22_Init
                0x08000b3c       0xc8 Drivers\BSP\Components\cs43l22.o
                0x08000b3c                cs43l22_Init
 .text.cs43l22_DeInit
                0x08000c04        0x4 Drivers\BSP\Components\cs43l22.o
                0x08000c04                cs43l22_DeInit
 .text.cs43l22_ReadID
                0x08000c08       0x16 Drivers\BSP\Components\cs43l22.o
                0x08000c08                cs43l22_ReadID
 .text.cs43l22_SetMute.part.0
                0x08000c1e       0x26 Drivers\BSP\Components\cs43l22.o
 .text.cs43l22_SetMute
                0x08000c44       0x38 Drivers\BSP\Components\cs43l22.o
                0x08000c44                cs43l22_SetMute
 .text.cs43l22_Resume
                0x08000c7c       0x44 Drivers\BSP\Components\cs43l22.o
                0x08000c7c                cs43l22_Resume
 .text.cs43l22_Pause
                0x08000cc0       0x16 Drivers\BSP\Components\cs43l22.o
                0x08000cc0                cs43l22_Pause
 *fill*         0x08000cd6        0x2 
 .text.cs43l22_Stop
                0x08000cd8       0x2c Drivers\BSP\Components\cs43l22.o
                0x08000cd8                cs43l22_Stop
 .text.cs43l22_Play
                0x08000d04       0x3c Drivers\BSP\Components\cs43l22.o
                0x08000d04                cs43l22_Play
 .text.cs43l22_SetOutputMode
                0x08000d40       0x4c Drivers\BSP\Components\cs43l22.o
                0x08000d40                cs43l22_SetOutputMode
 .text.I2Cx_Init
                0x08000d8c       0xbc Drivers\BSP\STM32F4-Discovery\stm32f4_discovery.o
 .text.BSP_LED_Init
                0x08000e48       0xb4 Drivers\BSP\STM32F4-Discovery\stm32f4_discovery.o
                0x08000e48                BSP_LED_Init
 .text.BSP_LED_On
                0x08000efc       0x1c Drivers\BSP\STM32F4-Discovery\stm32f4_discovery.o
                0x08000efc                BSP_LED_On
 .text.BSP_LED_Off
                0x08000f18       0x1c Drivers\BSP\STM32F4-Discovery\stm32f4_discovery.o
                0x08000f18                BSP_LED_Off
 .text.BSP_LED_Toggle
                0x08000f34       0x18 Drivers\BSP\STM32F4-Discovery\stm32f4_discovery.o
                0x08000f34                BSP_LED_Toggle
 .text.BSP_PB_Init
                0x08000f4c       0x78 Drivers\BSP\STM32F4-Discovery\stm32f4_discovery.o
                0x08000f4c                BSP_PB_Init
 .text.AUDIO_IO_Init
                0x08000fc4       0x64 Drivers\BSP\STM32F4-Discovery\stm32f4_discovery.o
                0x08000fc4                AUDIO_IO_Init
 .text.AUDIO_IO_DeInit
                0x08001028        0x2 Drivers\BSP\STM32F4-Discovery\stm32f4_discovery.o
                0x08001028                AUDIO_IO_DeInit
 *fill*         0x0800102a        0x2 
 .text.AUDIO_IO_Write
                0x0800102c       0x38 Drivers\BSP\STM32F4-Discovery\stm32f4_discovery.o
                0x0800102c                AUDIO_IO_Write
 .text.AUDIO_IO_Read
                0x08001064       0x40 Drivers\BSP\STM32F4-Discovery\stm32f4_discovery.o
                0x08001064                AUDIO_IO_Read
 .text.I2S3_Init
                0x080010a4       0x40 Drivers\BSP\STM32F4-Discovery\stm32f4_discovery_audio.o
 .text.BSP_AUDIO_OUT_Play
                0x080010e4       0x3c Drivers\BSP\STM32F4-Discovery\stm32f4_discovery_audio.o
                0x080010e4                BSP_AUDIO_OUT_Play
 .text.BSP_AUDIO_OUT_ChangeBuffer
                0x08001120       0x10 Drivers\BSP\STM32F4-Discovery\stm32f4_discovery_audio.o
                0x08001120                BSP_AUDIO_OUT_ChangeBuffer
 .text.BSP_AUDIO_OUT_Pause
                0x08001130       0x28 Drivers\BSP\STM32F4-Discovery\stm32f4_discovery_audio.o
                0x08001130                BSP_AUDIO_OUT_Pause
 .text.BSP_AUDIO_OUT_Resume
                0x08001158       0x28 Drivers\BSP\STM32F4-Discovery\stm32f4_discovery_audio.o
                0x08001158                BSP_AUDIO_OUT_Resume
 .text.BSP_AUDIO_OUT_Stop
                0x08001180       0x44 Drivers\BSP\STM32F4-Discovery\stm32f4_discovery_audio.o
                0x08001180                BSP_AUDIO_OUT_Stop
 .text.BSP_AUDIO_OUT_ClockConfig
                0x080011c4       0x60 Drivers\BSP\STM32F4-Discovery\stm32f4_discovery_audio.o
                0x080011c4                BSP_AUDIO_OUT_ClockConfig
 .text.BSP_AUDIO_OUT_MspInit
                0x08001224      0x118 Drivers\BSP\STM32F4-Discovery\stm32f4_discovery_audio.o
                0x08001224                BSP_AUDIO_OUT_MspInit
 .text.BSP_AUDIO_OUT_Init
                0x0800133c       0x70 Drivers\BSP\STM32F4-Discovery\stm32f4_discovery_audio.o
                0x0800133c                BSP_AUDIO_OUT_Init
 .text.HAL_I2S_TxCpltCallback
                0x080013ac       0x14 Drivers\BSP\STM32F4-Discovery\stm32f4_discovery_audio.o
                0x080013ac                HAL_I2S_TxCpltCallback
 .text.HAL_I2S_TxHalfCpltCallback
                0x080013c0       0x14 Drivers\BSP\STM32F4-Discovery\stm32f4_discovery_audio.o
                0x080013c0                HAL_I2S_TxHalfCpltCallback
 .text.BSP_AUDIO_IN_TransferComplete_CallBack
                0x080013d4        0x2 Drivers\BSP\STM32F4-Discovery\stm32f4_discovery_audio.o
                0x080013d4                BSP_AUDIO_IN_TransferComplete_CallBack
 .text.HAL_I2S_RxCpltCallback
                0x080013d6        0x8 Drivers\BSP\STM32F4-Discovery\stm32f4_discovery_audio.o
                0x080013d6                HAL_I2S_RxCpltCallback
 .text.BSP_AUDIO_IN_Error_Callback
                0x080013de        0x2 Drivers\BSP\STM32F4-Discovery\stm32f4_discovery_audio.o
                0x080013de                BSP_AUDIO_IN_Error_Callback
 .text.HAL_I2S_ErrorCallback
                0x080013e0       0x28 Drivers\BSP\STM32F4-Discovery\stm32f4_discovery_audio.o
                0x080013e0                HAL_I2S_ErrorCallback
 .text.SystemInit
                0x08001408       0x4c Drivers\CMSIS\system_stm32f4xx.o
                0x08001408                SystemInit
 .text.HAL_MspInit
                0x08001454        0x2 Drivers\STM32F4xx_HAL_Drivers\stm32f4xx_hal.o
                0x08001454                HAL_MspInit
 *fill*         0x08001456        0x2 
 .text.HAL_InitTick
                0x08001458       0x28 Drivers\STM32F4xx_HAL_Drivers\stm32f4xx_hal.o
                0x08001458                HAL_InitTick
 .text.HAL_Init
                0x08001480       0x2c Drivers\STM32F4xx_HAL_Drivers\stm32f4xx_hal.o
                0x08001480                HAL_Init
 .text.HAL_IncTick
                0x080014ac       0x10 Drivers\STM32F4xx_HAL_Drivers\stm32f4xx_hal.o
                0x080014ac                HAL_IncTick
 .text.HAL_GetTick
                0x080014bc        0xc Drivers\STM32F4xx_HAL_Drivers\stm32f4xx_hal.o
                0x080014bc                HAL_GetTick
 .text.HAL_Delay
                0x080014c8       0x20 Drivers\STM32F4xx_HAL_Drivers\stm32f4xx_hal.o
                0x080014c8                HAL_Delay
 .text.HAL_GetREVID
                0x080014e8        0xc Drivers\STM32F4xx_HAL_Drivers\stm32f4xx_hal.o
                0x080014e8                HAL_GetREVID
 .text.HAL_NVIC_SetPriorityGrouping
                0x080014f4       0x24 Drivers\STM32F4xx_HAL_Drivers\stm32f4xx_hal_cortex.o
                0x080014f4                HAL_NVIC_SetPriorityGrouping
 .text.HAL_NVIC_SetPriority
                0x08001518       0x68 Drivers\STM32F4xx_HAL_Drivers\stm32f4xx_hal_cortex.o
                0x08001518                HAL_NVIC_SetPriority
 .text.HAL_NVIC_EnableIRQ
                0x08001580       0x18 Drivers\STM32F4xx_HAL_Drivers\stm32f4xx_hal_cortex.o
                0x08001580                HAL_NVIC_EnableIRQ
 .text.HAL_SYSTICK_Config
                0x08001598       0x2c Drivers\STM32F4xx_HAL_Drivers\stm32f4xx_hal_cortex.o
                0x08001598                HAL_SYSTICK_Config
 .text.DMA_CalcBaseAndBitshift
                0x080015c4       0x2c Drivers\STM32F4xx_HAL_Drivers\stm32f4xx_hal_dma.o
 .text.HAL_DMA_Init
                0x080015f0       0xfc Drivers\STM32F4xx_HAL_Drivers\stm32f4xx_hal_dma.o
                0x080015f0                HAL_DMA_Init
 .text.HAL_DMA_DeInit
                0x080016ec       0x48 Drivers\STM32F4xx_HAL_Drivers\stm32f4xx_hal_dma.o
                0x080016ec                HAL_DMA_DeInit
 .text.HAL_DMA_Start_IT
                0x08001734       0x7c Drivers\STM32F4xx_HAL_Drivers\stm32f4xx_hal_dma.o
                0x08001734                HAL_DMA_Start_IT
 .text.HAL_DMA_Abort
                0x080017b0       0x86 Drivers\STM32F4xx_HAL_Drivers\stm32f4xx_hal_dma.o
                0x080017b0                HAL_DMA_Abort
 .text.HAL_DMA_Abort_IT
                0x08001836       0x24 Drivers\STM32F4xx_HAL_Drivers\stm32f4xx_hal_dma.o
                0x08001836                HAL_DMA_Abort_IT
 *fill*         0x0800185a        0x2 
 .text.HAL_DMA_IRQHandler
                0x0800185c      0x17c Drivers\STM32F4xx_HAL_Drivers\stm32f4xx_hal_dma.o
                0x0800185c                HAL_DMA_IRQHandler
 .text.HAL_GPIO_Init
                0x080019d8      0x1c0 Drivers\STM32F4xx_HAL_Drivers\stm32f4xx_hal_gpio.o
                0x080019d8                HAL_GPIO_Init
 .text.HAL_GPIO_WritePin
                0x08001b98        0xa Drivers\STM32F4xx_HAL_Drivers\stm32f4xx_hal_gpio.o
                0x08001b98                HAL_GPIO_WritePin
 .text.HAL_GPIO_TogglePin
                0x08001ba2        0x8 Drivers\STM32F4xx_HAL_Drivers\stm32f4xx_hal_gpio.o
                0x08001ba2                HAL_GPIO_TogglePin
 *fill*         0x08001baa        0x2 
 .text.HAL_GPIO_EXTI_IRQHandler
                0x08001bac       0x18 Drivers\STM32F4xx_HAL_Drivers\stm32f4xx_hal_gpio.o
                0x08001bac                HAL_GPIO_EXTI_IRQHandler
 .text.HAL_HCD_HC_Init
                0x08001bc4       0x62 Drivers\STM32F4xx_HAL_Drivers\stm32f4xx_hal_hcd.o
                0x08001bc4                HAL_HCD_HC_Init
 .text.HAL_HCD_HC_Halt
                0x08001c26       0x24 Drivers\STM32F4xx_HAL_Drivers\stm32f4xx_hal_hcd.o
                0x08001c26                HAL_HCD_HC_Halt
 .text.HAL_HCD_Init
                0x08001c4a       0x78 Drivers\STM32F4xx_HAL_Drivers\stm32f4xx_hal_hcd.o
                0x08001c4a                HAL_HCD_Init
 *fill*         0x08001cc2        0x2 
 .text.HAL_HCD_HC_SubmitRequest
                0x08001cc4      0x100 Drivers\STM32F4xx_HAL_Drivers\stm32f4xx_hal_hcd.o
                0x08001cc4                HAL_HCD_HC_SubmitRequest
 .text.HAL_HCD_IRQHandler
                0x08001dc4      0x61c Drivers\STM32F4xx_HAL_Drivers\stm32f4xx_hal_hcd.o
                0x08001dc4                HAL_HCD_IRQHandler
 .text.HAL_HCD_Start
                0x080023e0       0x2c Drivers\STM32F4xx_HAL_Drivers\stm32f4xx_hal_hcd.o
                0x080023e0                HAL_HCD_Start
 .text.HAL_HCD_Stop
                0x0800240c       0x24 Drivers\STM32F4xx_HAL_Drivers\stm32f4xx_hal_hcd.o
                0x0800240c                HAL_HCD_Stop
 .text.HAL_HCD_ResetPort
                0x08002430        0x6 Drivers\STM32F4xx_HAL_Drivers\stm32f4xx_hal_hcd.o
                0x08002430                HAL_HCD_ResetPort
 .text.HAL_HCD_HC_GetURBState
                0x08002436        0xc Drivers\STM32F4xx_HAL_Drivers\stm32f4xx_hal_hcd.o
                0x08002436                HAL_HCD_HC_GetURBState
 .text.HAL_HCD_HC_GetXferCount
                0x08002442        0xa Drivers\STM32F4xx_HAL_Drivers\stm32f4xx_hal_hcd.o
                0x08002442                HAL_HCD_HC_GetXferCount
 .text.HAL_HCD_GetCurrentFrame
                0x0800244c        0x6 Drivers\STM32F4xx_HAL_Drivers\stm32f4xx_hal_hcd.o
                0x0800244c                HAL_HCD_GetCurrentFrame
 .text.HAL_HCD_GetCurrentSpeed
                0x08002452        0x6 Drivers\STM32F4xx_HAL_Drivers\stm32f4xx_hal_hcd.o
                0x08002452                HAL_HCD_GetCurrentSpeed
 .text.I2C_IsAcknowledgeFailed
                0x08002458       0x2a Drivers\STM32F4xx_HAL_Drivers\stm32f4xx_hal_i2c.o
 .text.I2C_WaitOnMasterAddressFlagUntilTimeout
                0x08002482       0x80 Drivers\STM32F4xx_HAL_Drivers\stm32f4xx_hal_i2c.o
 .text.I2C_WaitOnFlagUntilTimeout
                0x08002502       0x5c Drivers\STM32F4xx_HAL_Drivers\stm32f4xx_hal_i2c.o
 .text.I2C_WaitOnTXEFlagUntilTimeout
                0x0800255e       0x4c Drivers\STM32F4xx_HAL_Drivers\stm32f4xx_hal_i2c.o
 *fill*         0x080025aa        0x2 
 .text.I2C_RequestMemoryWrite
                0x080025ac       0xa4 Drivers\STM32F4xx_HAL_Drivers\stm32f4xx_hal_i2c.o
 .text.I2C_RequestMemoryRead
                0x08002650       0xf4 Drivers\STM32F4xx_HAL_Drivers\stm32f4xx_hal_i2c.o
 .text.I2C_WaitOnRXNEFlagUntilTimeout
                0x08002744       0x5a Drivers\STM32F4xx_HAL_Drivers\stm32f4xx_hal_i2c.o
 .text.I2C_WaitOnBTFFlagUntilTimeout
                0x0800279e       0x4c Drivers\STM32F4xx_HAL_Drivers\stm32f4xx_hal_i2c.o
 .text.HAL_I2C_MspInit
                0x080027ea        0x2 Drivers\STM32F4xx_HAL_Drivers\stm32f4xx_hal_i2c.o
                0x080027ea                HAL_I2C_MspInit
 .text.HAL_I2C_Init
                0x080027ec       0xdc Drivers\STM32F4xx_HAL_Drivers\stm32f4xx_hal_i2c.o
                0x080027ec                HAL_I2C_Init
 .text.HAL_I2C_MspDeInit
                0x080028c8        0x2 Drivers\STM32F4xx_HAL_Drivers\stm32f4xx_hal_i2c.o
                0x080028c8                HAL_I2C_MspDeInit
 .text.HAL_I2C_DeInit
                0x080028ca       0x32 Drivers\STM32F4xx_HAL_Drivers\stm32f4xx_hal_i2c.o
                0x080028ca                HAL_I2C_DeInit
 .text.HAL_I2C_Mem_Write
                0x080028fc      0x12c Drivers\STM32F4xx_HAL_Drivers\stm32f4xx_hal_i2c.o
                0x080028fc                HAL_I2C_Mem_Write
 .text.HAL_I2C_Mem_Read
                0x08002a28      0x220 Drivers\STM32F4xx_HAL_Drivers\stm32f4xx_hal_i2c.o
                0x08002a28                HAL_I2C_Mem_Read
 .text.HAL_I2C_GetState
                0x08002c48        0x6 Drivers\STM32F4xx_HAL_Drivers\stm32f4xx_hal_i2c.o
                0x08002c48                HAL_I2C_GetState
 .text.HAL_I2S_MspInit
                0x08002c4e        0x2 Drivers\STM32F4xx_HAL_Drivers\stm32f4xx_hal_i2s.o
                0x08002c4e                HAL_I2S_MspInit
 .text.HAL_I2S_Transmit_DMA
                0x08002c50       0xa4 Drivers\STM32F4xx_HAL_Drivers\stm32f4xx_hal_i2s.o
                0x08002c50                HAL_I2S_Transmit_DMA
 .text.HAL_I2S_DMAPause
                0x08002cf4       0x70 Drivers\STM32F4xx_HAL_Drivers\stm32f4xx_hal_i2s.o
                0x08002cf4                HAL_I2S_DMAPause
 .text.HAL_I2S_DMAResume
                0x08002d64       0x88 Drivers\STM32F4xx_HAL_Drivers\stm32f4xx_hal_i2s.o
                0x08002d64                HAL_I2S_DMAResume
 .text.HAL_I2S_DMAStop
                0x08002dec       0xac Drivers\STM32F4xx_HAL_Drivers\stm32f4xx_hal_i2s.o
                0x08002dec                HAL_I2S_DMAStop
 .text.I2S_DMATxHalfCplt
                0x08002e98        0xa Drivers\STM32F4xx_HAL_Drivers\stm32f4xx_hal_i2s.o
 .text.I2S_DMATxCplt
                0x08002ea2       0x28 Drivers\STM32F4xx_HAL_Drivers\stm32f4xx_hal_i2s.o
 *fill*         0x08002eca        0x2 
 .text.HAL_I2S_Init
                0x08002ecc      0x120 Drivers\STM32F4xx_HAL_Drivers\stm32f4xx_hal_i2s.o
                0x08002ecc                HAL_I2S_Init
 .text.I2S_IRQHandler
                0x08002fec      0x10a Drivers\STM32F4xx_HAL_Drivers\stm32f4xx_hal_i2s.o
 .text.I2S_DMAError
                0x080030f6       0x28 Drivers\STM32F4xx_HAL_Drivers\stm32f4xx_hal_i2s.o
 .text.HAL_I2S_GetState
                0x0800311e        0x6 Drivers\STM32F4xx_HAL_Drivers\stm32f4xx_hal_i2s.o
                0x0800311e                HAL_I2S_GetState
 .text.HAL_I2SEx_TxRxCpltCallback
                0x08003124        0x2 Drivers\STM32F4xx_HAL_Drivers\stm32f4xx_hal_i2s_ex.o
                0x08003124                HAL_I2SEx_TxRxCpltCallback
 *fill*         0x08003126        0x2 
 .text.HAL_I2SEx_FullDuplex_IRQHandler
                0x08003128      0x258 Drivers\STM32F4xx_HAL_Drivers\stm32f4xx_hal_i2s_ex.o
                0x08003128                HAL_I2SEx_FullDuplex_IRQHandler
 .text.HAL_RCC_OscConfig
                0x08003380      0x328 Drivers\STM32F4xx_HAL_Drivers\stm32f4xx_hal_rcc.o
                0x08003380                HAL_RCC_OscConfig
 .text.HAL_RCC_GetSysClockFreq
                0x080036a8       0x74 Drivers\STM32F4xx_HAL_Drivers\stm32f4xx_hal_rcc.o
                0x080036a8                HAL_RCC_GetSysClockFreq
 .text.HAL_RCC_ClockConfig
                0x0800371c      0x16c Drivers\STM32F4xx_HAL_Drivers\stm32f4xx_hal_rcc.o
                0x0800371c                HAL_RCC_ClockConfig
 .text.HAL_RCC_GetPCLK1Freq
                0x08003888       0x30 Drivers\STM32F4xx_HAL_Drivers\stm32f4xx_hal_rcc.o
                0x08003888                HAL_RCC_GetPCLK1Freq
 .text.HAL_RCC_GetPCLK2Freq
                0x080038b8       0x30 Drivers\STM32F4xx_HAL_Drivers\stm32f4xx_hal_rcc.o
                0x080038b8                HAL_RCC_GetPCLK2Freq
 .text.HAL_RCCEx_PeriphCLKConfig
                0x080038e8      0x148 Drivers\STM32F4xx_HAL_Drivers\stm32f4xx_hal_rcc_ex.o
                0x080038e8                HAL_RCCEx_PeriphCLKConfig
 .text.HAL_RCCEx_GetPeriphCLKConfig
                0x08003a30       0x4c Drivers\STM32F4xx_HAL_Drivers\stm32f4xx_hal_rcc_ex.o
                0x08003a30                HAL_RCCEx_GetPeriphCLKConfig
 .text.HAL_RCCEx_GetPeriphCLKFreq
                0x08003a7c       0x5c Drivers\STM32F4xx_HAL_Drivers\stm32f4xx_hal_rcc_ex.o
                0x08003a7c                HAL_RCCEx_GetPeriphCLKFreq
 .text.HAL_TIM_Base_Start_IT
                0x08003ad8       0x16 Drivers\STM32F4xx_HAL_Drivers\stm32f4xx_hal_tim.o
                0x08003ad8                HAL_TIM_Base_Start_IT
 .text.HAL_TIM_OC_DelayElapsedCallback
                0x08003aee        0x2 Drivers\STM32F4xx_HAL_Drivers\stm32f4xx_hal_tim.o
                0x08003aee                HAL_TIM_OC_DelayElapsedCallback
 .text.HAL_TIM_IC_CaptureCallback
                0x08003af0        0x2 Drivers\STM32F4xx_HAL_Drivers\stm32f4xx_hal_tim.o
                0x08003af0                HAL_TIM_IC_CaptureCallback
 .text.HAL_TIM_PWM_PulseFinishedCallback
                0x08003af2        0x2 Drivers\STM32F4xx_HAL_Drivers\stm32f4xx_hal_tim.o
                0x08003af2                HAL_TIM_PWM_PulseFinishedCallback
 .text.HAL_TIM_TriggerCallback
                0x08003af4        0x2 Drivers\STM32F4xx_HAL_Drivers\stm32f4xx_hal_tim.o
                0x08003af4                HAL_TIM_TriggerCallback
 .text.HAL_TIM_IRQHandler
                0x08003af6      0x144 Drivers\STM32F4xx_HAL_Drivers\stm32f4xx_hal_tim.o
                0x08003af6                HAL_TIM_IRQHandler
 *fill*         0x08003c3a        0x2 
 .text.TIM_Base_SetConfig
                0x08003c3c       0xc8 Drivers\STM32F4xx_HAL_Drivers\stm32f4xx_hal_tim.o
                0x08003c3c                TIM_Base_SetConfig
 .text.HAL_TIM_Base_Init
                0x08003d04       0x34 Drivers\STM32F4xx_HAL_Drivers\stm32f4xx_hal_tim.o
                0x08003d04                HAL_TIM_Base_Init
 .text.HAL_TIMEx_CommutationCallback
                0x08003d38        0x2 Drivers\STM32F4xx_HAL_Drivers\stm32f4xx_hal_tim_ex.o
                0x08003d38                HAL_TIMEx_CommutationCallback
 .text.HAL_TIMEx_BreakCallback
                0x08003d3a        0x2 Drivers\STM32F4xx_HAL_Drivers\stm32f4xx_hal_tim_ex.o
                0x08003d3a                HAL_TIMEx_BreakCallback
 .text.UART_EndRxTransfer
                0x08003d3c       0x1a Drivers\STM32F4xx_HAL_Drivers\stm32f4xx_hal_uart.o
 *fill*         0x08003d56        0x2 
 .text.UART_SetConfig
                0x08003d58      0x234 Drivers\STM32F4xx_HAL_Drivers\stm32f4xx_hal_uart.o
 .text.HAL_UART_Init
                0x08003f8c       0x5c Drivers\STM32F4xx_HAL_Drivers\stm32f4xx_hal_uart.o
                0x08003f8c                HAL_UART_Init
 .text.HAL_UART_Transmit_IT
                0x08003fe8       0x3e Drivers\STM32F4xx_HAL_Drivers\stm32f4xx_hal_uart.o
                0x08003fe8                HAL_UART_Transmit_IT
 .text.HAL_UART_Receive_IT
                0x08004026       0x46 Drivers\STM32F4xx_HAL_Drivers\stm32f4xx_hal_uart.o
                0x08004026                HAL_UART_Receive_IT
 .text.UART_Receive_IT
                0x0800406c       0x74 Drivers\STM32F4xx_HAL_Drivers\stm32f4xx_hal_uart.o
 .text.HAL_UART_IRQHandler
                0x080040e0      0x140 Drivers\STM32F4xx_HAL_Drivers\stm32f4xx_hal_uart.o
                0x080040e0                HAL_UART_IRQHandler
 .text.UART_DMAAbortOnError
                0x08004220       0x10 Drivers\STM32F4xx_HAL_Drivers\stm32f4xx_hal_uart.o
 .text.USB_CoreInit
                0x08004230       0x74 Drivers\STM32F4xx_HAL_Drivers\stm32f4xx_ll_usb.o
                0x08004230                USB_CoreInit
 .text.USB_EnableGlobalInt
                0x080042a4        0xc Drivers\STM32F4xx_HAL_Drivers\stm32f4xx_ll_usb.o
                0x080042a4                USB_EnableGlobalInt
 .text.USB_DisableGlobalInt
                0x080042b0        0xc Drivers\STM32F4xx_HAL_Drivers\stm32f4xx_ll_usb.o
                0x080042b0                USB_DisableGlobalInt
 .text.USB_SetCurrentMode
                0x080042bc       0x2e Drivers\STM32F4xx_HAL_Drivers\stm32f4xx_ll_usb.o
                0x080042bc                USB_SetCurrentMode
 *fill*         0x080042ea        0x2 
 .text.USB_FlushTxFifo
                0x080042ec       0x24 Drivers\STM32F4xx_HAL_Drivers\stm32f4xx_ll_usb.o
                0x080042ec                USB_FlushTxFifo
 .text.USB_FlushRxFifo
                0x08004310       0x20 Drivers\STM32F4xx_HAL_Drivers\stm32f4xx_ll_usb.o
                0x08004310                USB_FlushRxFifo
 .text.USB_WritePacket
                0x08004330       0x28 Drivers\STM32F4xx_HAL_Drivers\stm32f4xx_ll_usb.o
                0x08004330                USB_WritePacket
 .text.USB_ReadPacket
                0x08004358       0x1c Drivers\STM32F4xx_HAL_Drivers\stm32f4xx_ll_usb.o
                0x08004358                USB_ReadPacket
 .text.USB_ReadInterrupts
                0x08004374        0x8 Drivers\STM32F4xx_HAL_Drivers\stm32f4xx_ll_usb.o
                0x08004374                USB_ReadInterrupts
 .text.USB_GetMode
                0x0800437c        0x8 Drivers\STM32F4xx_HAL_Drivers\stm32f4xx_ll_usb.o
                0x0800437c                USB_GetMode
 .text.USB_CoreReset
                0x08004384       0x30 Drivers\STM32F4xx_HAL_Drivers\stm32f4xx_ll_usb.o
 .text.USB_HostInit
                0x080043b4       0xe4 Drivers\STM32F4xx_HAL_Drivers\stm32f4xx_ll_usb.o
                0x080043b4                USB_HostInit
 .text.USB_InitFSLSPClkSel
                0x08004498       0x3a Drivers\STM32F4xx_HAL_Drivers\stm32f4xx_ll_usb.o
                0x08004498                USB_InitFSLSPClkSel
 .text.USB_ResetPort
                0x080044d2       0x32 Drivers\STM32F4xx_HAL_Drivers\stm32f4xx_ll_usb.o
                0x080044d2                USB_ResetPort
 .text.USB_DriveVbus
                0x08004504       0x3c Drivers\STM32F4xx_HAL_Drivers\stm32f4xx_ll_usb.o
                0x08004504                USB_DriveVbus
 .text.USB_GetHostSpeed
                0x08004540       0x12 Drivers\STM32F4xx_HAL_Drivers\stm32f4xx_ll_usb.o
                0x08004540                USB_GetHostSpeed
 .text.USB_GetCurrentFrame
                0x08004552        0xa Drivers\STM32F4xx_HAL_Drivers\stm32f4xx_ll_usb.o
                0x08004552                USB_GetCurrentFrame
 .text.USB_HC_Init
                0x0800455c       0xd8 Drivers\STM32F4xx_HAL_Drivers\stm32f4xx_ll_usb.o
                0x0800455c                USB_HC_Init
 .text.USB_HC_StartXfer
                0x08004634      0x27c Drivers\STM32F4xx_HAL_Drivers\stm32f4xx_ll_usb.o
                0x08004634                USB_HC_StartXfer
 .text.USB_HC_ReadInterrupt
                0x080048b0       0x1e Drivers\STM32F4xx_HAL_Drivers\stm32f4xx_ll_usb.o
                0x080048b0                USB_HC_ReadInterrupt
 .text.USB_HC_Halt
                0x080048ce      0x1d2 Drivers\STM32F4xx_HAL_Drivers\stm32f4xx_ll_usb.o
                0x080048ce                USB_HC_Halt
 .text.USB_DoPing
                0x08004aa0       0x78 Drivers\STM32F4xx_HAL_Drivers\stm32f4xx_ll_usb.o
                0x08004aa0                USB_DoPing
 .text.USB_StopHost
                0x08004b18      0x108 Drivers\STM32F4xx_HAL_Drivers\stm32f4xx_ll_usb.o
                0x08004b18                USB_StopHost
 .text.disk_status
                0x08004c20       0x14 Middlewares\FatFs\Core\diskio.o
                0x08004c20                disk_status
 .text.disk_initialize
                0x08004c34       0x20 Middlewares\FatFs\Core\diskio.o
                0x08004c34                disk_initialize
 .text.disk_read
                0x08004c54       0x1c Middlewares\FatFs\Core\diskio.o
                0x08004c54                disk_read
 .text.disk_write
                0x08004c70       0x1c Middlewares\FatFs\Core\diskio.o
                0x08004c70                disk_write
 .text.disk_ioctl
                0x08004c8c       0x1c Middlewares\FatFs\Core\diskio.o
                0x08004c8c                disk_ioctl
 .text.get_fattime
                0x08004ca8        0x4 Middlewares\FatFs\Core\diskio.o
                0x08004ca8                get_fattime
 .text.mem_cpy  0x08004cac       0x14 Middlewares\FatFs\Core\ff.o
 .text.mem_set  0x08004cc0        0xe Middlewares\FatFs\Core\ff.o
 *fill*         0x08004cce        0x2 
 .text.chk_lock
                0x08004cd0       0x64 Middlewares\FatFs\Core\ff.o
 .text.inc_lock
                0x08004d34       0x88 Middlewares\FatFs\Core\ff.o
 .text.dec_lock
                0x08004dbc       0x38 Middlewares\FatFs\Core\ff.o
 .text.sum_sfn  0x08004df4       0x1e Middlewares\FatFs\Core\ff.o
 .text.get_ldnumber
                0x08004e12       0x30 Middlewares\FatFs\Core\ff.o
 .text.validate
                0x08004e42       0x2e Middlewares\FatFs\Core\ff.o
 .text.ld_clust.isra.0
                0x08004e70       0x1c Middlewares\FatFs\Core\ff.o
 .text.sync_window.part.1
                0x08004e8c       0x52 Middlewares\FatFs\Core\ff.o
 .text.sync_window
                0x08004ede        0xe Middlewares\FatFs\Core\ff.o
 .text.sync_fs  0x08004eec       0xba Middlewares\FatFs\Core\ff.o
 .text.move_window
                0x08004fa6       0x3a Middlewares\FatFs\Core\ff.o
 .text.check_fs
                0x08004fe0       0x58 Middlewares\FatFs\Core\ff.o
 .text.find_volume
                0x08005038      0x280 Middlewares\FatFs\Core\ff.o
 .text.clust2sect
                0x080052b8       0x1c Middlewares\FatFs\Core\ff.o
                0x080052b8                clust2sect
 .text.get_fat  0x080052d4       0xc2 Middlewares\FatFs\Core\ff.o
                0x080052d4                get_fat
 .text.dir_sdi  0x08005396       0x9e Middlewares\FatFs\Core\ff.o
 .text.put_fat  0x08005434       0xf4 Middlewares\FatFs\Core\ff.o
                0x08005434                put_fat
 .text.create_chain
                0x08005528       0xb2 Middlewares\FatFs\Core\ff.o
 .text.dir_next
                0x080055da      0x11e Middlewares\FatFs\Core\ff.o
 .text.dir_find.part.6
                0x080056f8      0x13c Middlewares\FatFs\Core\ff.o
 .text.follow_path
                0x08005834      0x280 Middlewares\FatFs\Core\ff.o
 .text.dir_register
                0x08005ab4      0x274 Middlewares\FatFs\Core\ff.o
 .text.remove_chain
                0x08005d28       0x64 Middlewares\FatFs\Core\ff.o
 .text.f_mount  0x08005d8c       0x6c Middlewares\FatFs\Core\ff.o
                0x08005d8c                f_mount
 .text.f_open   0x08005df8      0x1c4 Middlewares\FatFs\Core\ff.o
                0x08005df8                f_open
 .text.f_read   0x08005fbc      0x17a Middlewares\FatFs\Core\ff.o
                0x08005fbc                f_read
 .text.f_sync   0x08006136       0xc0 Middlewares\FatFs\Core\ff.o
                0x08006136                f_sync
 .text.f_close  0x080061f6       0x22 Middlewares\FatFs\Core\ff.o
                0x080061f6                f_close
 .text.f_lseek  0x08006218      0x17e Middlewares\FatFs\Core\ff.o
                0x08006218                f_lseek
 .text.f_opendir
                0x08006396       0xb8 Middlewares\FatFs\Core\ff.o
                0x08006396                f_opendir
 *fill*         0x0800644e        0x2 
 .text.FATFS_LinkDriverEx
                0x08006450       0x44 Middlewares\FatFs\Core\ff_gen_drv.o
                0x08006450                FATFS_LinkDriverEx
 .text.FATFS_LinkDriver
                0x08006494        0x6 Middlewares\FatFs\Core\ff_gen_drv.o
                0x08006494                FATFS_LinkDriver
 .text.USBH_initialize
                0x0800649a        0x4 Middlewares\FatFs\Drivers\usbh_diskio.o
                0x0800649a                USBH_initialize
 *fill*         0x0800649e        0x2 
 .text.USBH_status
                0x080064a0       0x18 Middlewares\FatFs\Drivers\usbh_diskio.o
                0x080064a0                USBH_status
 .text.USBH_read
                0x080064b8       0x98 Middlewares\FatFs\Drivers\usbh_diskio.o
                0x080064b8                USBH_read
 .text.USBH_ioctl
                0x08006550       0x4c Middlewares\FatFs\Drivers\usbh_diskio.o
                0x08006550                USBH_ioctl
 .text.USBH_write
                0x0800659c       0x9c Middlewares\FatFs\Drivers\usbh_diskio.o
                0x0800659c                USBH_write
 .text.ff_memalloc
                0x08006638        0x4 Middlewares\FatFs\Options\syscall.o
                0x08006638                ff_memalloc
 .text.ff_memfree
                0x0800663c        0x4 Middlewares\FatFs\Options\syscall.o
                0x0800663c                ff_memfree
 .text.ff_convert
                0x08006640       0x3c Middlewares\FatFs\Options\unicode.o
                0x08006640                ff_convert
 .text.ff_wtoupper
                0x0800667c       0x24 Middlewares\FatFs\Options\unicode.o
                0x0800667c                ff_wtoupper
 .text.USBH_MSC_SOFProcess
                0x080066a0        0x4 Middlewares\STM32_USBH_Library\Class\MSC\usbh_msc.o
 .text.USBH_MSC_Process
                0x080066a4      0x1c4 Middlewares\STM32_USBH_Library\Class\MSC\usbh_msc.o
 .text.USBH_MSC_ClassRequest
                0x08006868       0x66 Middlewares\STM32_USBH_Library\Class\MSC\usbh_msc.o
 .text.USBH_MSC_InterfaceDeInit
                0x080068ce       0x4c Middlewares\STM32_USBH_Library\Class\MSC\usbh_msc.o
 .text.USBH_MSC_InterfaceInit
                0x0800691a       0xfa Middlewares\STM32_USBH_Library\Class\MSC\usbh_msc.o
 .text.USBH_MSC_RdWrProcess
                0x08006a14       0x76 Middlewares\STM32_USBH_Library\Class\MSC\usbh_msc.o
 .text.USBH_MSC_UnitIsReady
                0x08006a8a       0x22 Middlewares\STM32_USBH_Library\Class\MSC\usbh_msc.o
                0x08006a8a                USBH_MSC_UnitIsReady
 .text.USBH_MSC_GetLUNInfo
                0x08006aac       0x30 Middlewares\STM32_USBH_Library\Class\MSC\usbh_msc.o
                0x08006aac                USBH_MSC_GetLUNInfo
 .text.USBH_MSC_Read
                0x08006adc       0x86 Middlewares\STM32_USBH_Library\Class\MSC\usbh_msc.o
                0x08006adc                USBH_MSC_Read
 .text.USBH_MSC_Write
                0x08006b62       0x86 Middlewares\STM32_USBH_Library\Class\MSC\usbh_msc.o
                0x08006b62                USBH_MSC_Write
 .text.USBH_MSC_BOT_REQ_Reset
                0x08006be8       0x16 Middlewares\STM32_USBH_Library\Class\MSC\usbh_msc_bot.o
                0x08006be8                USBH_MSC_BOT_REQ_Reset
 .text.USBH_MSC_BOT_REQ_GetMaxLUN
                0x08006bfe       0x16 Middlewares\STM32_USBH_Library\Class\MSC\usbh_msc_bot.o
                0x08006bfe                USBH_MSC_BOT_REQ_GetMaxLUN
 .text.USBH_MSC_BOT_Init
                0x08006c14       0x24 Middlewares\STM32_USBH_Library\Class\MSC\usbh_msc_bot.o
                0x08006c14                USBH_MSC_BOT_Init
 .text.USBH_MSC_BOT_Process
                0x08006c38      0x1dc Middlewares\STM32_USBH_Library\Class\MSC\usbh_msc_bot.o
                0x08006c38                USBH_MSC_BOT_Process
 .text.USBH_MSC_SCSI_TestUnitReady
                0x08006e14       0x4c Middlewares\STM32_USBH_Library\Class\MSC\usbh_msc_scsi.o
                0x08006e14                USBH_MSC_SCSI_TestUnitReady
 .text.USBH_MSC_SCSI_ReadCapacity
                0x08006e60       0x7e Middlewares\STM32_USBH_Library\Class\MSC\usbh_msc_scsi.o
                0x08006e60                USBH_MSC_SCSI_ReadCapacity
 .text.USBH_MSC_SCSI_Inquiry
                0x08006ede       0xd4 Middlewares\STM32_USBH_Library\Class\MSC\usbh_msc_scsi.o
                0x08006ede                USBH_MSC_SCSI_Inquiry
 .text.USBH_MSC_SCSI_RequestSense
                0x08006fb2       0x92 Middlewares\STM32_USBH_Library\Class\MSC\usbh_msc_scsi.o
                0x08006fb2                USBH_MSC_SCSI_RequestSense
 .text.USBH_MSC_SCSI_Write
                0x08007044       0x88 Middlewares\STM32_USBH_Library\Class\MSC\usbh_msc_scsi.o
                0x08007044                USBH_MSC_SCSI_Write
 .text.USBH_MSC_SCSI_Read
                0x080070cc       0x8a Middlewares\STM32_USBH_Library\Class\MSC\usbh_msc_scsi.o
                0x080070cc                USBH_MSC_SCSI_Read
 .text.DeInitStateMachine
                0x08007156       0x44 Middlewares\STM32_USBH_Library\Core\usbh_core.o
 .text.USBH_Init
                0x0800719a       0x2e Middlewares\STM32_USBH_Library\Core\usbh_core.o
                0x0800719a                USBH_Init
 .text.USBH_RegisterClass
                0x080071c8       0x1a Middlewares\STM32_USBH_Library\Core\usbh_core.o
                0x080071c8                USBH_RegisterClass
 .text.USBH_SelectInterface
                0x080071e2       0x12 Middlewares\STM32_USBH_Library\Core\usbh_core.o
                0x080071e2                USBH_SelectInterface
 .text.USBH_FindInterface
                0x080071f4       0x3a Middlewares\STM32_USBH_Library\Core\usbh_core.o
                0x080071f4                USBH_FindInterface
 .text.USBH_Start
                0x0800722e       0x14 Middlewares\STM32_USBH_Library\Core\usbh_core.o
                0x0800722e                USBH_Start
 .text.USBH_Process
                0x08007242      0x234 Middlewares\STM32_USBH_Library\Core\usbh_core.o
                0x08007242                USBH_Process
 .text.USBH_LL_SetTimer
                0x08007476        0x6 Middlewares\STM32_USBH_Library\Core\usbh_core.o
                0x08007476                USBH_LL_SetTimer
 .text.USBH_LL_IncTimer
                0x0800747c       0x1c Middlewares\STM32_USBH_Library\Core\usbh_core.o
                0x0800747c                USBH_LL_IncTimer
 .text.USBH_LL_Connect
                0x08007498       0x26 Middlewares\STM32_USBH_Library\Core\usbh_core.o
                0x08007498                USBH_LL_Connect
 .text.USBH_LL_Disconnect
                0x080074be       0x38 Middlewares\STM32_USBH_Library\Core\usbh_core.o
                0x080074be                USBH_LL_Disconnect
 .text.USBH_CtlReq
                0x080074f6      0x17a Middlewares\STM32_USBH_Library\Core\usbh_ctlreq.o
                0x080074f6                USBH_CtlReq
 .text.USBH_GetDescriptor
                0x08007670       0x38 Middlewares\STM32_USBH_Library\Core\usbh_ctlreq.o
                0x08007670                USBH_GetDescriptor
 .text.USBH_Get_DevDesc
                0x080076a8       0xaa Middlewares\STM32_USBH_Library\Core\usbh_ctlreq.o
                0x080076a8                USBH_Get_DevDesc
 .text.USBH_Get_CfgDesc
                0x08007752      0x12e Middlewares\STM32_USBH_Library\Core\usbh_ctlreq.o
                0x08007752                USBH_Get_CfgDesc
 .text.USBH_Get_StringDesc
                0x08007880       0x4a Middlewares\STM32_USBH_Library\Core\usbh_ctlreq.o
                0x08007880                USBH_Get_StringDesc
 .text.USBH_SetAddress
                0x080078ca       0x1c Middlewares\STM32_USBH_Library\Core\usbh_ctlreq.o
                0x080078ca                USBH_SetAddress
 .text.USBH_SetCfg
                0x080078e6       0x1c Middlewares\STM32_USBH_Library\Core\usbh_ctlreq.o
                0x080078e6                USBH_SetCfg
 .text.USBH_ClrFeature
                0x08007902       0x1c Middlewares\STM32_USBH_Library\Core\usbh_ctlreq.o
                0x08007902                USBH_ClrFeature
 .text.USBH_CtlSendSetup
                0x0800791e       0x22 Middlewares\STM32_USBH_Library\Core\usbh_ioreq.o
                0x0800791e                USBH_CtlSendSetup
 .text.USBH_CtlSendData
                0x08007940       0x2e Middlewares\STM32_USBH_Library\Core\usbh_ioreq.o
                0x08007940                USBH_CtlSendData
 .text.USBH_CtlReceiveData
                0x0800796e       0x20 Middlewares\STM32_USBH_Library\Core\usbh_ioreq.o
                0x0800796e                USBH_CtlReceiveData
 .text.USBH_BulkSendData
                0x0800798e       0x2e Middlewares\STM32_USBH_Library\Core\usbh_ioreq.o
                0x0800798e                USBH_BulkSendData
 .text.USBH_BulkReceiveData
                0x080079bc       0x20 Middlewares\STM32_USBH_Library\Core\usbh_ioreq.o
                0x080079bc                USBH_BulkReceiveData
 .text.USBH_OpenPipe
                0x080079dc       0x1e Middlewares\STM32_USBH_Library\Core\usbh_pipes.o
                0x080079dc                USBH_OpenPipe
 .text.USBH_ClosePipe
                0x080079fa        0xa Middlewares\STM32_USBH_Library\Core\usbh_pipes.o
                0x080079fa                USBH_ClosePipe
 .text.USBH_AllocPipe
                0x08007a04       0x30 Middlewares\STM32_USBH_Library\Core\usbh_pipes.o
                0x08007a04                USBH_AllocPipe
 .text.USBH_FreePipe
                0x08007a34       0x18 Middlewares\STM32_USBH_Library\Core\usbh_pipes.o
                0x08007a34                USBH_FreePipe
 .text.__libc_init_array
                0x08007a4c       0x48 c:/program files (x86)/atollic/truestudio for arm 8.0.0/armtools/bin/../lib/gcc/arm-atollic-eabi/6.3.1/../../../../arm-atollic-eabi/lib/armv7e-m\libc_nano.a(lib_a-init.o)
                0x08007a4c                __libc_init_array
 .text.malloc   0x08007a94       0x10 c:/program files (x86)/atollic/truestudio for arm 8.0.0/armtools/bin/../lib/gcc/arm-atollic-eabi/6.3.1/../../../../arm-atollic-eabi/lib/armv7e-m\libc_nano.a(lib_a-malloc.o)
                0x08007a94                malloc
 .text.free     0x08007aa4       0x10 c:/program files (x86)/atollic/truestudio for arm 8.0.0/armtools/bin/../lib/gcc/arm-atollic-eabi/6.3.1/../../../../arm-atollic-eabi/lib/armv7e-m\libc_nano.a(lib_a-malloc.o)
                0x08007aa4                free
 .text.memcpy   0x08007ab4       0x16 c:/program files (x86)/atollic/truestudio for arm 8.0.0/armtools/bin/../lib/gcc/arm-atollic-eabi/6.3.1/../../../../arm-atollic-eabi/lib/armv7e-m\libc_nano.a(lib_a-memcpy-stub.o)
                0x08007ab4                memcpy
 .text.memset   0x08007aca       0x10 c:/program files (x86)/atollic/truestudio for arm 8.0.0/armtools/bin/../lib/gcc/arm-atollic-eabi/6.3.1/../../../../arm-atollic-eabi/lib/armv7e-m\libc_nano.a(lib_a-memset.o)
                0x08007aca                memset
 *fill*         0x08007ada        0x2 
 .text._free_r  0x08007adc       0x9c c:/program files (x86)/atollic/truestudio for arm 8.0.0/armtools/bin/../lib/gcc/arm-atollic-eabi/6.3.1/../../../../arm-atollic-eabi/lib/armv7e-m\libc_nano.a(lib_a-nano-freer.o)
                0x08007adc                _free_r
 .text._malloc_r
                0x08007b78       0xbc c:/program files (x86)/atollic/truestudio for arm 8.0.0/armtools/bin/../lib/gcc/arm-atollic-eabi/6.3.1/../../../../arm-atollic-eabi/lib/armv7e-m\libc_nano.a(lib_a-nano-mallocr.o)
                0x08007b78                _malloc_r
 .text._sbrk_r  0x08007c34       0x20 c:/program files (x86)/atollic/truestudio for arm 8.0.0/armtools/bin/../lib/gcc/arm-atollic-eabi/6.3.1/../../../../arm-atollic-eabi/lib/armv7e-m\libc_nano.a(lib_a-sbrkr.o)
                0x08007c34                _sbrk_r
 .text.__malloc_lock
                0x08007c54        0x2 c:/program files (x86)/atollic/truestudio for arm 8.0.0/armtools/bin/../lib/gcc/arm-atollic-eabi/6.3.1/../../../../arm-atollic-eabi/lib/armv7e-m\libc_nano.a(lib_a-mlock.o)
                0x08007c54                __malloc_lock
 .text.__malloc_unlock
                0x08007c56        0x2 c:/program files (x86)/atollic/truestudio for arm 8.0.0/armtools/bin/../lib/gcc/arm-atollic-eabi/6.3.1/../../../../arm-atollic-eabi/lib/armv7e-m\libc_nano.a(lib_a-mlock.o)
                0x08007c56                __malloc_unlock
 .text._sbrk    0x08007c58       0x1c c:/program files (x86)/atollic/truestudio for arm 8.0.0/armtools/bin/../lib/gcc/arm-atollic-eabi/6.3.1/../../../../arm-atollic-eabi/lib/armv7e-m\libnosys.a(sbrk.o)
                0x08007c58                _sbrk
 *(.glue_7)
 .glue_7        0x08007c74        0x0 linker stubs
 *(.glue_7t)
 .glue_7t       0x08007c74        0x0 linker stubs
 *(.eh_frame)
 .eh_frame      0x08007c74        0x0 c:/program files (x86)/atollic/truestudio for arm 8.0.0/armtools/bin/../lib/gcc/arm-atollic-eabi/6.3.1/armv7e-m/crtbegin.o
 *(.init)
 .init          0x08007c74        0x4 c:/program files (x86)/atollic/truestudio for arm 8.0.0/armtools/bin/../lib/gcc/arm-atollic-eabi/6.3.1/armv7e-m/crti.o
                0x08007c74                _init
 .init          0x08007c78        0x8 c:/program files (x86)/atollic/truestudio for arm 8.0.0/armtools/bin/../lib/gcc/arm-atollic-eabi/6.3.1/armv7e-m/crtn.o
 *(.fini)
 .fini          0x08007c80        0x4 c:/program files (x86)/atollic/truestudio for arm 8.0.0/armtools/bin/../lib/gcc/arm-atollic-eabi/6.3.1/armv7e-m/crti.o
                0x08007c80                _fini
 .fini          0x08007c84        0x8 c:/program files (x86)/atollic/truestudio for arm 8.0.0/armtools/bin/../lib/gcc/arm-atollic-eabi/6.3.1/armv7e-m/crtn.o
                0x08007c8c                . = ALIGN (0x4)
                0x08007c8c                _etext = .

.vfp11_veneer   0x08007c8c        0x0
 .vfp11_veneer  0x08007c8c        0x0 linker stubs

.v4_bx          0x08007c8c        0x0
 .v4_bx         0x08007c8c        0x0 linker stubs

.iplt           0x08007c8c        0x0
 .iplt          0x08007c8c        0x0 c:/program files (x86)/atollic/truestudio for arm 8.0.0/armtools/bin/../lib/gcc/arm-atollic-eabi/6.3.1/armv7e-m/crtbegin.o

.rodata         0x08007c8c      0x618
                0x08007c8c                . = ALIGN (0x4)
 *(.rodata)
 *(.rodata*)
 .rodata.USBH_UserProcess.str1.1
                0x08007c8c        0x0 Application\User\main.o
                                  0x1 (size before relaxing)
 .rodata.CSWTCH.17
                0x08007c8c        0x3 Application\User\usbh_conf.o
 .rodata.WavePlayerStart.str1.1
                0x08007c8f       0x13 Application\User\waveplayer.o
 .rodata.GPIO_PIN
                0x08007ca2        0x8 Drivers\BSP\STM32F4-Discovery\stm32f4_discovery.o
                0x08007ca2                GPIO_PIN
 *fill*         0x08007caa        0x2 
 .rodata.I2SFreq
                0x08007cac       0x20 Drivers\BSP\STM32F4-Discovery\stm32f4_discovery_audio.o
                0x08007cac                I2SFreq
 .rodata.I2SPLLN
                0x08007ccc       0x20 Drivers\BSP\STM32F4-Discovery\stm32f4_discovery_audio.o
                0x08007ccc                I2SPLLN
 .rodata.I2SPLLR
                0x08007cec       0x20 Drivers\BSP\STM32F4-Discovery\stm32f4_discovery_audio.o
                0x08007cec                I2SPLLR
 .rodata.AHBPrescTable
                0x08007d0c       0x10 Drivers\CMSIS\system_stm32f4xx.o
                0x08007d0c                AHBPrescTable
 .rodata.APBPrescTable
                0x08007d1c        0x8 Drivers\CMSIS\system_stm32f4xx.o
                0x08007d1c                APBPrescTable
 .rodata.flagBitshiftOffset.9421
                0x08007d24        0x8 Drivers\STM32F4xx_HAL_Drivers\stm32f4xx_hal_dma.o
 .rodata.ExCvt  0x08007d2c       0x80 Middlewares\FatFs\Core\ff.o
 .rodata.LfnOfs
                0x08007dac        0xd Middlewares\FatFs\Core\ff.o
 .rodata.follow_path.str1.1
                0x08007db9       0x10 Middlewares\FatFs\Core\ff.o
 *fill*         0x08007dc9        0x3 
 .rodata.USBH_Driver
                0x08007dcc       0x14 Middlewares\FatFs\Drivers\usbh_diskio.o
                0x08007dcc                USBH_Driver
 .rodata.Tbl    0x08007de0      0x100 Middlewares\FatFs\Options\unicode.o
 .rodata.tbl_lower.10696
                0x08007ee0      0x1e0 Middlewares\FatFs\Options\unicode.o
 .rodata.tbl_upper.10697
                0x080080c0      0x1e0 Middlewares\FatFs\Options\unicode.o
 .rodata.str1.1
                0x080082a0        0x4 Middlewares\STM32_USBH_Library\Class\MSC\usbh_msc.o
                0x080082a4                . = ALIGN (0x4)

.rel.dyn        0x080082a4        0x0
 .rel.iplt      0x080082a4        0x0 c:/program files (x86)/atollic/truestudio for arm 8.0.0/armtools/bin/../lib/gcc/arm-atollic-eabi/6.3.1/armv7e-m/crtbegin.o

.ARM.extab
 *(.ARM.extab* .gnu.linkonce.armextab.*)

.ARM            0x080082a4        0x0
                0x080082a4                __exidx_start = .
 *(.ARM.exidx*)
                0x080082a4                __exidx_end = .

.preinit_array  0x080082a4        0x0
                0x080082a4                PROVIDE (__preinit_array_start, .)
 *(.preinit_array*)
                0x080082a4                PROVIDE (__preinit_array_end, .)

.init_array     0x080082a4        0x4
                0x080082a4                PROVIDE (__init_array_start, .)
 *(SORT(.init_array.*))
 *(.init_array*)
 .init_array    0x080082a4        0x4 c:/program files (x86)/atollic/truestudio for arm 8.0.0/armtools/bin/../lib/gcc/arm-atollic-eabi/6.3.1/armv7e-m/crtbegin.o
                0x080082a8                PROVIDE (__init_array_end, .)

.fini_array     0x080082a8        0x4
                [!provide]                PROVIDE (__fini_array_start, .)
 *(SORT(.fini_array.*))
 *(.fini_array*)
 .fini_array    0x080082a8        0x4 c:/program files (x86)/atollic/truestudio for arm 8.0.0/armtools/bin/../lib/gcc/arm-atollic-eabi/6.3.1/armv7e-m/crtbegin.o
                [!provide]                PROVIDE (__fini_array_end, .)
                0x080082ac                _sidata = LOADADDR (.data)

.data           0x20000000       0xd8 load address 0x080082ac
                0x20000000                . = ALIGN (0x4)
                0x20000000                _sdata = .
 *(.data)
 *(.data*)
 .data.PauseResumeStatus
                0x20000000        0x4 Application\User\main.o
                0x20000000                PauseResumeStatus
 .data.Is_cs43l22_Stop
                0x20000004        0x1 Drivers\BSP\Components\cs43l22.o
 *fill*         0x20000005        0x3 
 .data.cs43l22_drv
                0x20000008       0x30 Drivers\BSP\Components\cs43l22.o
                0x20000008                cs43l22_drv
 .data.BUTTON_PORT
                0x20000038        0x4 Drivers\BSP\STM32F4-Discovery\stm32f4_discovery.o
                0x20000038                BUTTON_PORT
 .data.GPIO_PORT
                0x2000003c       0x10 Drivers\BSP\STM32F4-Discovery\stm32f4_discovery.o
                0x2000003c                GPIO_PORT
 .data.I2cxTimeout
                0x2000004c        0x4 Drivers\BSP\STM32F4-Discovery\stm32f4_discovery.o
                0x2000004c                I2cxTimeout
 .data.SystemCoreClock
                0x20000050        0x4 Drivers\CMSIS\system_stm32f4xx.o
                0x20000050                SystemCoreClock
 .data.USBH_msc
                0x20000054       0x20 Middlewares\STM32_USBH_Library\Class\MSC\usbh_msc.o
                0x20000054                USBH_msc
 .data._impure_ptr
                0x20000074        0x4 c:/program files (x86)/atollic/truestudio for arm 8.0.0/armtools/bin/../lib/gcc/arm-atollic-eabi/6.3.1/../../../../arm-atollic-eabi/lib/armv7e-m\libc_nano.a(lib_a-impure.o)
                0x20000074                _impure_ptr
 .data.impure_data
                0x20000078       0x60 c:/program files (x86)/atollic/truestudio for arm 8.0.0/armtools/bin/../lib/gcc/arm-atollic-eabi/6.3.1/../../../../arm-atollic-eabi/lib/armv7e-m\libc_nano.a(lib_a-impure.o)
                0x200000d8                . = ALIGN (0x4)
                0x200000d8                _edata = .
                0x08008384                _siccmram = LOADADDR (.ccmram)

.igot.plt       0x200000d8        0x0 load address 0x08008384
 .igot.plt      0x200000d8        0x0 c:/program files (x86)/atollic/truestudio for arm 8.0.0/armtools/bin/../lib/gcc/arm-atollic-eabi/6.3.1/armv7e-m/crtbegin.o

.ccmram         0x10000000        0x0 load address 0x08008384
                0x10000000                . = ALIGN (0x4)
                0x10000000                _sccmram = .
 *(.ccmram)
 *(.ccmram*)
                0x10000000                . = ALIGN (0x4)
                0x10000000                _eccmram = .
                0x10000000                . = ALIGN (0x4)

.bss            0x200000d8     0x2180
                0x200000d8                _sbss = .
                0x200000d8                __bss_start__ = _sbss
 *(.bss)
 .bss           0x200000d8       0x1c c:/program files (x86)/atollic/truestudio for arm 8.0.0/armtools/bin/../lib/gcc/arm-atollic-eabi/6.3.1/armv7e-m/crtbegin.o
 *(.bss*)
 .bss.AppliState
                0x200000f4        0x1 Application\User\main.o
                0x200000f4                AppliState
 *fill*         0x200000f5        0x3 
 .bss.CmdIndex  0x200000f8        0x4 Application\User\main.o
                0x200000f8                CmdIndex
 .bss.PressCount
                0x200000fc        0x4 Application\User\main.o
                0x200000fc                PressCount
 .bss.RepeatState
                0x20000100        0x4 Application\User\main.o
                0x20000100                RepeatState
 .bss.USBH_USR_ApplicationState
                0x20000104        0x1 Application\User\main.o
 .bss.UartReady
                0x20000105        0x1 Application\User\main.o
                0x20000105                UartReady
 .bss.beat      0x20000106        0x1 Application\User\main.o
                0x20000106                beat
 .bss.beatFlag  0x20000107        0x1 Application\User\main.o
                0x20000107                beatFlag
 .bss.buttons   0x20000108        0x2 Application\User\main.o
                0x20000108                buttons
 *fill*         0x2000010a        0x2 
 .bss.uwPrescalerValue
                0x2000010c        0x4 Application\User\main.o
                0x2000010c                uwPrescalerValue
 .bss.TimeRecBase
                0x20000110        0x4 Application\User\stm32f4xx_it.o
                0x20000110                TimeRecBase
 .bss.AudioPlayStart
                0x20000114        0x4 Application\User\waveplayer.o
                0x20000114                AudioPlayStart
 .bss.AudioRemSize
                0x20000118        0x4 Application\User\waveplayer.o
 .bss.WaveDataLength
                0x2000011c        0x4 Application\User\waveplayer.o
 .bss.buffer_offset
                0x20000120        0x1 Application\User\waveplayer.o
                0x20000120                buffer_offset
 .bss.OutputDev
                0x20000121        0x1 Drivers\BSP\Components\cs43l22.o
                0x20000121                OutputDev
 *fill*         0x20000122        0x2 
 .bss.I2cHandle
                0x20000124       0x54 Drivers\BSP\STM32F4-Discovery\stm32f4_discovery.o
 .bss.hdma_i2sTx.9597
                0x20000178       0x60 Drivers\BSP\STM32F4-Discovery\stm32f4_discovery_audio.o
 .bss.pAudioDrv
                0x200001d8        0x4 Drivers\BSP\STM32F4-Discovery\stm32f4_discovery_audio.o
 .bss.FatFs     0x200001dc        0x4 Middlewares\FatFs\Core\ff.o
 .bss.Files     0x200001e0       0x18 Middlewares\FatFs\Core\ff.o
 .bss.Fsid      0x200001f8        0x2 Middlewares\FatFs\Core\ff.o
 *fill*         0x200001fa        0x2 
 .bss.disk      0x200001fc        0xc Middlewares\FatFs\Core\ff_gen_drv.o
                0x200001fc                disk
 .bss.scratch   0x20000208      0x200 Middlewares\FatFs\Drivers\usbh_diskio.o
 .bss.__malloc_free_list
                0x20000408        0x4 c:/program files (x86)/atollic/truestudio for arm 8.0.0/armtools/bin/../lib/gcc/arm-atollic-eabi/6.3.1/../../../../arm-atollic-eabi/lib/armv7e-m\libc_nano.a(lib_a-nano-mallocr.o)
                0x20000408                __malloc_free_list
 .bss.__malloc_sbrk_start
                0x2000040c        0x4 c:/program files (x86)/atollic/truestudio for arm 8.0.0/armtools/bin/../lib/gcc/arm-atollic-eabi/6.3.1/../../../../arm-atollic-eabi/lib/armv7e-m\libc_nano.a(lib_a-nano-mallocr.o)
                0x2000040c                __malloc_sbrk_start
 .bss.heap_end.4116
                0x20000410        0x4 c:/program files (x86)/atollic/truestudio for arm 8.0.0/armtools/bin/../lib/gcc/arm-atollic-eabi/6.3.1/../../../../arm-atollic-eabi/lib/armv7e-m\libnosys.a(sbrk.o)
 *(COMMON)
 COMMON         0x20000414      0x689 Application\User\main.o
                0x20000414                hUSBHost
                0x200007ac                UartHandle
                0x200007ec                USBDISKPath
                0x200007f0                hTimLed
                0x2000082c                aRxBuffer
                0x20000830                USBDISKFatFs
                0x20000a60                TimHandle
                0x20000a9c                aTxBuffer
 *fill*         0x20000a9d        0x3 
 COMMON         0x20000aa0      0x298 Application\User\usbh_conf.o
                0x20000aa0                hHCD
 COMMON         0x20000d38     0x1454 Application\User\waveplayer.o
                0x20000d38                Audio_Buffer
                0x20001d38                Directory
                0x20001f60                LEDsState
                0x20001f64                FileRead
 COMMON         0x2000218c       0xc4 Drivers\BSP\STM32F4-Discovery\stm32f4_discovery_audio.o
                0x2000218c                Filter
                0x200021c0                hAudioOutI2s
                0x20002208                hAudioInI2s
 COMMON         0x20002250        0x4 Drivers\STM32F4xx_HAL_Drivers\stm32f4xx_hal.o
                0x20002250                uwTick
 COMMON         0x20002254        0x4 c:/program files (x86)/atollic/truestudio for arm 8.0.0/armtools/bin/../lib/gcc/arm-atollic-eabi/6.3.1/../../../../arm-atollic-eabi/lib/armv7e-m\libc_nano.a(lib_a-reent.o)
                0x20002254                errno
                0x20002258                . = ALIGN (0x4)
                0x20002258                _ebss = .
                0x20002258                __bss_end__ = _ebss

._user_heap_stack
                0x20002258     0x4000
                0x20002258                . = ALIGN (0x4)
                0x20002258                PROVIDE (end, .)
                [!provide]                PROVIDE (_end, .)
                0x20004258                . = (. + _Min_Heap_Size)
 *fill*         0x20002258     0x2000 
                0x20006258                . = (. + _Min_Stack_Size)
 *fill*         0x20004258     0x2000 
                0x20006258                . = ALIGN (0x4)

/DISCARD/
 libc.a(*)
 libm.a(*)
 libgcc.a(*)

.ARM.attributes
                0x00000000       0x2c
 *(.ARM.attributes)
 .ARM.attributes
                0x00000000       0x1e c:/program files (x86)/atollic/truestudio for arm 8.0.0/armtools/bin/../lib/gcc/arm-atollic-eabi/6.3.1/armv7e-m/crti.o
 .ARM.attributes
                0x0000001e       0x2e c:/program files (x86)/atollic/truestudio for arm 8.0.0/armtools/bin/../lib/gcc/arm-atollic-eabi/6.3.1/armv7e-m/crtbegin.o
 .ARM.attributes
                0x0000004c       0x21 Application\TrueSTUDIO\startup_stm32f407xx.o
 .ARM.attributes
                0x0000006d       0x35 Application\User\main.o
 .ARM.attributes
                0x000000a2       0x35 Application\User\stm32f4xx_hal_msp.o
 .ARM.attributes
                0x000000d7       0x35 Application\User\stm32f4xx_it.o
 .ARM.attributes
                0x0000010c       0x35 Application\User\usbh_conf.o
 .ARM.attributes
                0x00000141       0x35 Application\User\waveplayer.o
 .ARM.attributes
                0x00000176       0x35 Drivers\BSP\Components\cs43l22.o
 .ARM.attributes
                0x000001ab       0x35 Drivers\BSP\STM32F4-Discovery\stm32f4_discovery.o
 .ARM.attributes
                0x000001e0       0x35 Drivers\BSP\STM32F4-Discovery\stm32f4_discovery_audio.o
 .ARM.attributes
                0x00000215       0x35 Drivers\CMSIS\system_stm32f4xx.o
 .ARM.attributes
                0x0000024a       0x35 Drivers\STM32F4xx_HAL_Drivers\stm32f4xx_hal.o
 .ARM.attributes
                0x0000027f       0x35 Drivers\STM32F4xx_HAL_Drivers\stm32f4xx_hal_cortex.o
 .ARM.attributes
                0x000002b4       0x35 Drivers\STM32F4xx_HAL_Drivers\stm32f4xx_hal_dma.o
 .ARM.attributes
                0x000002e9       0x35 Drivers\STM32F4xx_HAL_Drivers\stm32f4xx_hal_gpio.o
 .ARM.attributes
                0x0000031e       0x35 Drivers\STM32F4xx_HAL_Drivers\stm32f4xx_hal_hcd.o
 .ARM.attributes
                0x00000353       0x35 Drivers\STM32F4xx_HAL_Drivers\stm32f4xx_hal_i2c.o
 .ARM.attributes
                0x00000388       0x35 Drivers\STM32F4xx_HAL_Drivers\stm32f4xx_hal_i2s.o
 .ARM.attributes
                0x000003bd       0x35 Drivers\STM32F4xx_HAL_Drivers\stm32f4xx_hal_i2s_ex.o
 .ARM.attributes
                0x000003f2       0x35 Drivers\STM32F4xx_HAL_Drivers\stm32f4xx_hal_rcc.o
 .ARM.attributes
                0x00000427       0x35 Drivers\STM32F4xx_HAL_Drivers\stm32f4xx_hal_rcc_ex.o
 .ARM.attributes
                0x0000045c       0x35 Drivers\STM32F4xx_HAL_Drivers\stm32f4xx_hal_tim.o
 .ARM.attributes
                0x00000491       0x35 Drivers\STM32F4xx_HAL_Drivers\stm32f4xx_hal_tim_ex.o
 .ARM.attributes
                0x000004c6       0x35 Drivers\STM32F4xx_HAL_Drivers\stm32f4xx_hal_uart.o
 .ARM.attributes
                0x000004fb       0x35 Drivers\STM32F4xx_HAL_Drivers\stm32f4xx_ll_usb.o
 .ARM.attributes
                0x00000530       0x35 Middlewares\FatFs\Core\diskio.o
 .ARM.attributes
                0x00000565       0x35 Middlewares\FatFs\Core\ff.o
 .ARM.attributes
                0x0000059a       0x35 Middlewares\FatFs\Core\ff_gen_drv.o
 .ARM.attributes
                0x000005cf       0x35 Middlewares\FatFs\Drivers\usbh_diskio.o
 .ARM.attributes
                0x00000604       0x35 Middlewares\FatFs\Options\syscall.o
 .ARM.attributes
                0x00000639       0x35 Middlewares\FatFs\Options\unicode.o
 .ARM.attributes
                0x0000066e       0x35 Middlewares\STM32_USBH_Library\Class\MSC\usbh_msc.o
 .ARM.attributes
                0x000006a3       0x35 Middlewares\STM32_USBH_Library\Class\MSC\usbh_msc_bot.o
 .ARM.attributes
                0x000006d8       0x35 Middlewares\STM32_USBH_Library\Class\MSC\usbh_msc_scsi.o
 .ARM.attributes
                0x0000070d       0x35 Middlewares\STM32_USBH_Library\Core\usbh_core.o
 .ARM.attributes
                0x00000742       0x35 Middlewares\STM32_USBH_Library\Core\usbh_ctlreq.o
 .ARM.attributes
                0x00000777       0x35 Middlewares\STM32_USBH_Library\Core\usbh_ioreq.o
 .ARM.attributes
                0x000007ac       0x35 Middlewares\STM32_USBH_Library\Core\usbh_pipes.o
 .ARM.attributes
                0x000007e1       0x2e c:/program files (x86)/atollic/truestudio for arm 8.0.0/armtools/bin/../lib/gcc/arm-atollic-eabi/6.3.1/../../../../arm-atollic-eabi/lib/armv7e-m\libc_nano.a(lib_a-init.o)
 .ARM.attributes
                0x0000080f       0x2e c:/program files (x86)/atollic/truestudio for arm 8.0.0/armtools/bin/../lib/gcc/arm-atollic-eabi/6.3.1/../../../../arm-atollic-eabi/lib/armv7e-m\libc_nano.a(lib_a-malloc.o)
 .ARM.attributes
                0x0000083d       0x2e c:/program files (x86)/atollic/truestudio for arm 8.0.0/armtools/bin/../lib/gcc/arm-atollic-eabi/6.3.1/../../../../arm-atollic-eabi/lib/armv7e-m\libc_nano.a(lib_a-memcpy-stub.o)
 .ARM.attributes
                0x0000086b       0x2e c:/program files (x86)/atollic/truestudio for arm 8.0.0/armtools/bin/../lib/gcc/arm-atollic-eabi/6.3.1/../../../../arm-atollic-eabi/lib/armv7e-m\libc_nano.a(lib_a-memset.o)
 .ARM.attributes
                0x00000899       0x2e c:/program files (x86)/atollic/truestudio for arm 8.0.0/armtools/bin/../lib/gcc/arm-atollic-eabi/6.3.1/../../../../arm-atollic-eabi/lib/armv7e-m\libc_nano.a(lib_a-nano-freer.o)
 .ARM.attributes
                0x000008c7       0x2e c:/program files (x86)/atollic/truestudio for arm 8.0.0/armtools/bin/../lib/gcc/arm-atollic-eabi/6.3.1/../../../../arm-atollic-eabi/lib/armv7e-m\libc_nano.a(lib_a-nano-mallocr.o)
 .ARM.attributes
                0x000008f5       0x2e c:/program files (x86)/atollic/truestudio for arm 8.0.0/armtools/bin/../lib/gcc/arm-atollic-eabi/6.3.1/../../../../arm-atollic-eabi/lib/armv7e-m\libc_nano.a(lib_a-sbrkr.o)
 .ARM.attributes
                0x00000923       0x2e c:/program files (x86)/atollic/truestudio for arm 8.0.0/armtools/bin/../lib/gcc/arm-atollic-eabi/6.3.1/../../../../arm-atollic-eabi/lib/armv7e-m\libc_nano.a(lib_a-impure.o)
 .ARM.attributes
                0x00000951       0x2e c:/program files (x86)/atollic/truestudio for arm 8.0.0/armtools/bin/../lib/gcc/arm-atollic-eabi/6.3.1/../../../../arm-atollic-eabi/lib/armv7e-m\libc_nano.a(lib_a-mlock.o)
 .ARM.attributes
                0x0000097f       0x2e c:/program files (x86)/atollic/truestudio for arm 8.0.0/armtools/bin/../lib/gcc/arm-atollic-eabi/6.3.1/../../../../arm-atollic-eabi/lib/armv7e-m\libc_nano.a(lib_a-reent.o)
 .ARM.attributes
                0x000009ad       0x2e c:/program files (x86)/atollic/truestudio for arm 8.0.0/armtools/bin/../lib/gcc/arm-atollic-eabi/6.3.1/../../../../arm-atollic-eabi/lib/armv7e-m\libnosys.a(sbrk.o)
 .ARM.attributes
                0x000009db       0x1e c:/program files (x86)/atollic/truestudio for arm 8.0.0/armtools/bin/../lib/gcc/arm-atollic-eabi/6.3.1/armv7e-m/crtn.o
OUTPUT(STM32F4-DISCO.elf elf32-littlearm)

.debug_line     0x00000000     0xfeec
 .debug_line    0x00000000       0x7a Application\TrueSTUDIO\startup_stm32f407xx.o
 .debug_line    0x0000007a      0x7a8 Application\User\main.o
 .debug_line    0x00000822      0x66d Application\User\stm32f4xx_hal_msp.o
 .debug_line    0x00000e8f      0x720 Application\User\stm32f4xx_it.o
 .debug_line    0x000015af      0x5b5 Application\User\usbh_conf.o
 .debug_line    0x00001b64      0x67d Application\User\waveplayer.o
 .debug_line    0x000021e1      0x35d Drivers\BSP\Components\cs43l22.o
 .debug_line    0x0000253e      0x5e1 Drivers\BSP\STM32F4-Discovery\stm32f4_discovery.o
 .debug_line    0x00002b1f      0x840 Drivers\BSP\STM32F4-Discovery\stm32f4_discovery_audio.o
 .debug_line    0x0000335f      0x29d Drivers\CMSIS\system_stm32f4xx.o
 .debug_line    0x000035fc      0x4a9 Drivers\STM32F4xx_HAL_Drivers\stm32f4xx_hal.o
 .debug_line    0x00003aa5      0x52a Drivers\STM32F4xx_HAL_Drivers\stm32f4xx_hal_cortex.o
 .debug_line    0x00003fcf      0x647 Drivers\STM32F4xx_HAL_Drivers\stm32f4xx_hal_dma.o
 .debug_line    0x00004616      0x4c8 Drivers\STM32F4xx_HAL_Drivers\stm32f4xx_hal_gpio.o
 .debug_line    0x00004ade      0x696 Drivers\STM32F4xx_HAL_Drivers\stm32f4xx_hal_hcd.o
 .debug_line    0x00005174     0x18e2 Drivers\STM32F4xx_HAL_Drivers\stm32f4xx_hal_i2c.o
 .debug_line    0x00006a56      0x82f Drivers\STM32F4xx_HAL_Drivers\stm32f4xx_hal_i2s.o
 .debug_line    0x00007285      0x6a8 Drivers\STM32F4xx_HAL_Drivers\stm32f4xx_hal_i2s_ex.o
 .debug_line    0x0000792d      0x6b7 Drivers\STM32F4xx_HAL_Drivers\stm32f4xx_hal_rcc.o
 .debug_line    0x00007fe4      0x427 Drivers\STM32F4xx_HAL_Drivers\stm32f4xx_hal_rcc_ex.o
 .debug_line    0x0000840b     0x11cd Drivers\STM32F4xx_HAL_Drivers\stm32f4xx_hal_tim.o
 .debug_line    0x000095d8      0x719 Drivers\STM32F4xx_HAL_Drivers\stm32f4xx_hal_tim_ex.o
 .debug_line    0x00009cf1      0xc3d Drivers\STM32F4xx_HAL_Drivers\stm32f4xx_hal_uart.o
 .debug_line    0x0000a92e      0x939 Drivers\STM32F4xx_HAL_Drivers\stm32f4xx_ll_usb.o
 .debug_line    0x0000b267      0x42d Middlewares\FatFs\Core\diskio.o
 .debug_line    0x0000b694     0x145b Middlewares\FatFs\Core\ff.o
 .debug_line    0x0000caef      0x435 Middlewares\FatFs\Core\ff_gen_drv.o
 .debug_line    0x0000cf24      0x4c8 Middlewares\FatFs\Drivers\usbh_diskio.o
 .debug_line    0x0000d3ec      0x40e Middlewares\FatFs\Options\syscall.o
 .debug_line    0x0000d7fa      0x438 Middlewares\FatFs\Options\unicode.o
 .debug_line    0x0000dc32      0x625 Middlewares\STM32_USBH_Library\Class\MSC\usbh_msc.o
 .debug_line    0x0000e257      0x4dd Middlewares\STM32_USBH_Library\Class\MSC\usbh_msc_bot.o
 .debug_line    0x0000e734      0x4fd Middlewares\STM32_USBH_Library\Class\MSC\usbh_msc_scsi.o
 .debug_line    0x0000ec31      0x594 Middlewares\STM32_USBH_Library\Core\usbh_core.o
 .debug_line    0x0000f1c5      0x54f Middlewares\STM32_USBH_Library\Core\usbh_ctlreq.o
 .debug_line    0x0000f714      0x424 Middlewares\STM32_USBH_Library\Core\usbh_ioreq.o
 .debug_line    0x0000fb38      0x3b4 Middlewares\STM32_USBH_Library\Core\usbh_pipes.o

.debug_info     0x00000000    0x3f82f
 .debug_info    0x00000000       0xe0 Application\TrueSTUDIO\startup_stm32f407xx.o
 .debug_info    0x000000e0     0x27ab Application\User\main.o
 .debug_info    0x0000288b     0x20d2 Application\User\stm32f4xx_hal_msp.o
 .debug_info    0x0000495d     0x2290 Application\User\stm32f4xx_it.o
 .debug_info    0x00006bed     0x2264 Application\User\usbh_conf.o
 .debug_info    0x00008e51     0x1d6f Application\User\waveplayer.o
 .debug_info    0x0000abc0     0x1364 Drivers\BSP\Components\cs43l22.o
 .debug_info    0x0000bf24     0x2259 Drivers\BSP\STM32F4-Discovery\stm32f4_discovery.o
 .debug_info    0x0000e17d     0x2433 Drivers\BSP\STM32F4-Discovery\stm32f4_discovery_audio.o
 .debug_info    0x000105b0      0xd1c Drivers\CMSIS\system_stm32f4xx.o
 .debug_info    0x000112cc     0x1186 Drivers\STM32F4xx_HAL_Drivers\stm32f4xx_hal.o
 .debug_info    0x00012452     0x1744 Drivers\STM32F4xx_HAL_Drivers\stm32f4xx_hal_cortex.o
 .debug_info    0x00013b96     0x125c Drivers\STM32F4xx_HAL_Drivers\stm32f4xx_hal_dma.o
 .debug_info    0x00014df2      0xf88 Drivers\STM32F4xx_HAL_Drivers\stm32f4xx_hal_gpio.o
 .debug_info    0x00015d7a     0x1982 Drivers\STM32F4xx_HAL_Drivers\stm32f4xx_hal_hcd.o
 .debug_info    0x000176fc     0x3794 Drivers\STM32F4xx_HAL_Drivers\stm32f4xx_hal_i2c.o
 .debug_info    0x0001ae90     0x17ae Drivers\STM32F4xx_HAL_Drivers\stm32f4xx_hal_i2s.o
 .debug_info    0x0001c63e     0x1530 Drivers\STM32F4xx_HAL_Drivers\stm32f4xx_hal_i2s_ex.o
 .debug_info    0x0001db6e     0x14b7 Drivers\STM32F4xx_HAL_Drivers\stm32f4xx_hal_rcc.o
 .debug_info    0x0001f025      0xe22 Drivers\STM32F4xx_HAL_Drivers\stm32f4xx_hal_rcc_ex.o
 .debug_info    0x0001fe47     0x3ba3 Drivers\STM32F4xx_HAL_Drivers\stm32f4xx_hal_tim.o
 .debug_info    0x000239ea     0x19a5 Drivers\STM32F4xx_HAL_Drivers\stm32f4xx_hal_tim_ex.o
 .debug_info    0x0002538f     0x1ea3 Drivers\STM32F4xx_HAL_Drivers\stm32f4xx_hal_uart.o
 .debug_info    0x00027232     0x1f59 Drivers\STM32F4xx_HAL_Drivers\stm32f4xx_ll_usb.o
 .debug_info    0x0002918b     0x1476 Middlewares\FatFs\Core\diskio.o
 .debug_info    0x0002a601     0x5121 Middlewares\FatFs\Core\ff.o
 .debug_info    0x0002f722     0x14ac Middlewares\FatFs\Core\ff_gen_drv.o
 .debug_info    0x00030bce     0x18d3 Middlewares\FatFs\Drivers\usbh_diskio.o
 .debug_info    0x000324a1     0x1182 Middlewares\FatFs\Options\syscall.o
 .debug_info    0x00033623     0x11ea Middlewares\FatFs\Options\unicode.o
 .debug_info    0x0003480d     0x1df3 Middlewares\STM32_USBH_Library\Class\MSC\usbh_msc.o
 .debug_info    0x00036600     0x1aac Middlewares\STM32_USBH_Library\Class\MSC\usbh_msc_bot.o
 .debug_info    0x000380ac     0x19e8 Middlewares\STM32_USBH_Library\Class\MSC\usbh_msc_scsi.o
 .debug_info    0x00039a94     0x19ff Middlewares\STM32_USBH_Library\Core\usbh_core.o
 .debug_info    0x0003b493     0x1a6c Middlewares\STM32_USBH_Library\Core\usbh_ctlreq.o
 .debug_info    0x0003ceff     0x1667 Middlewares\STM32_USBH_Library\Core\usbh_ioreq.o
 .debug_info    0x0003e566     0x12c9 Middlewares\STM32_USBH_Library\Core\usbh_pipes.o

.debug_abbrev   0x00000000     0x74c1
 .debug_abbrev  0x00000000       0x12 Application\TrueSTUDIO\startup_stm32f407xx.o
 .debug_abbrev  0x00000012      0x3d7 Application\User\main.o
 .debug_abbrev  0x000003e9      0x2ab Application\User\stm32f4xx_hal_msp.o
 .debug_abbrev  0x00000694      0x2d7 Application\User\stm32f4xx_it.o
 .debug_abbrev  0x0000096b      0x383 Application\User\usbh_conf.o
 .debug_abbrev  0x00000cee      0x376 Application\User\waveplayer.o
 .debug_abbrev  0x00001064      0x305 Drivers\BSP\Components\cs43l22.o
 .debug_abbrev  0x00001369      0x401 Drivers\BSP\STM32F4-Discovery\stm32f4_discovery.o
 .debug_abbrev  0x0000176a      0x3d8 Drivers\BSP\STM32F4-Discovery\stm32f4_discovery_audio.o
 .debug_abbrev  0x00001b42      0x1ca Drivers\CMSIS\system_stm32f4xx.o
 .debug_abbrev  0x00001d0c      0x324 Drivers\STM32F4xx_HAL_Drivers\stm32f4xx_hal.o
 .debug_abbrev  0x00002030      0x399 Drivers\STM32F4xx_HAL_Drivers\stm32f4xx_hal_cortex.o
 .debug_abbrev  0x000023c9      0x34a Drivers\STM32F4xx_HAL_Drivers\stm32f4xx_hal_dma.o
 .debug_abbrev  0x00002713      0x268 Drivers\STM32F4xx_HAL_Drivers\stm32f4xx_hal_gpio.o
 .debug_abbrev  0x0000297b      0x38b Drivers\STM32F4xx_HAL_Drivers\stm32f4xx_hal_hcd.o
 .debug_abbrev  0x00002d06      0x3b4 Drivers\STM32F4xx_HAL_Drivers\stm32f4xx_hal_i2c.o
 .debug_abbrev  0x000030ba      0x37b Drivers\STM32F4xx_HAL_Drivers\stm32f4xx_hal_i2s.o
 .debug_abbrev  0x00003435      0x359 Drivers\STM32F4xx_HAL_Drivers\stm32f4xx_hal_i2s_ex.o
 .debug_abbrev  0x0000378e      0x3a4 Drivers\STM32F4xx_HAL_Drivers\stm32f4xx_hal_rcc.o
 .debug_abbrev  0x00003b32      0x2bb Drivers\STM32F4xx_HAL_Drivers\stm32f4xx_hal_rcc_ex.o
 .debug_abbrev  0x00003ded      0x3ac Drivers\STM32F4xx_HAL_Drivers\stm32f4xx_hal_tim.o
 .debug_abbrev  0x00004199      0x300 Drivers\STM32F4xx_HAL_Drivers\stm32f4xx_hal_tim_ex.o
 .debug_abbrev  0x00004499      0x397 Drivers\STM32F4xx_HAL_Drivers\stm32f4xx_hal_uart.o
 .debug_abbrev  0x00004830      0x380 Drivers\STM32F4xx_HAL_Drivers\stm32f4xx_ll_usb.o
 .debug_abbrev  0x00004bb0      0x2c7 Middlewares\FatFs\Core\diskio.o
 .debug_abbrev  0x00004e77      0x497 Middlewares\FatFs\Core\ff.o
 .debug_abbrev  0x0000530e      0x32f Middlewares\FatFs\Core\ff_gen_drv.o
 .debug_abbrev  0x0000563d      0x393 Middlewares\FatFs\Drivers\usbh_diskio.o
 .debug_abbrev  0x000059d0      0x263 Middlewares\FatFs\Options\syscall.o
 .debug_abbrev  0x00005c33      0x265 Middlewares\FatFs\Options\unicode.o
 .debug_abbrev  0x00005e98      0x32d Middlewares\STM32_USBH_Library\Class\MSC\usbh_msc.o
 .debug_abbrev  0x000061c5      0x335 Middlewares\STM32_USBH_Library\Class\MSC\usbh_msc_bot.o
 .debug_abbrev  0x000064fa      0x30d Middlewares\STM32_USBH_Library\Class\MSC\usbh_msc_scsi.o
 .debug_abbrev  0x00006807      0x3ce Middlewares\STM32_USBH_Library\Core\usbh_core.o
 .debug_abbrev  0x00006bd5      0x3b5 Middlewares\STM32_USBH_Library\Core\usbh_ctlreq.o
 .debug_abbrev  0x00006f8a      0x271 Middlewares\STM32_USBH_Library\Core\usbh_ioreq.o
 .debug_abbrev  0x000071fb      0x2c6 Middlewares\STM32_USBH_Library\Core\usbh_pipes.o

.debug_aranges  0x00000000     0x1678
 .debug_aranges
                0x00000000       0x28 Application\TrueSTUDIO\startup_stm32f407xx.o
 .debug_aranges
                0x00000028       0x58 Application\User\main.o
 .debug_aranges
                0x00000080       0x30 Application\User\stm32f4xx_hal_msp.o
 .debug_aranges
                0x000000b0       0x80 Application\User\stm32f4xx_it.o
 .debug_aranges
                0x00000130       0xc0 Application\User\usbh_conf.o
 .debug_aranges
                0x000001f0       0x60 Application\User\waveplayer.o
 .debug_aranges
                0x00000250       0x80 Drivers\BSP\Components\cs43l22.o
 .debug_aranges
                0x000002d0       0xa8 Drivers\BSP\STM32F4-Discovery\stm32f4_discovery.o
 .debug_aranges
                0x00000378      0x108 Drivers\BSP\STM32F4-Discovery\stm32f4_discovery_audio.o
 .debug_aranges
                0x00000480       0x28 Drivers\CMSIS\system_stm32f4xx.o
 .debug_aranges
                0x000004a8       0xc0 Drivers\STM32F4xx_HAL_Drivers\stm32f4xx_hal.o
 .debug_aranges
                0x00000568       0xa8 Drivers\STM32F4xx_HAL_Drivers\stm32f4xx_hal_cortex.o
 .debug_aranges
                0x00000610       0x80 Drivers\STM32F4xx_HAL_Drivers\stm32f4xx_hal_dma.o
 .debug_aranges
                0x00000690       0x58 Drivers\STM32F4xx_HAL_Drivers\stm32f4xx_hal_gpio.o
 .debug_aranges
                0x000006e8       0xa0 Drivers\STM32F4xx_HAL_Drivers\stm32f4xx_hal_hcd.o
 .debug_aranges
                0x00000788      0x190 Drivers\STM32F4xx_HAL_Drivers\stm32f4xx_hal_i2c.o
 .debug_aranges